[2026-07-18T16:26:53.903Z] [Main] [Startup] Projects root ensured at: C:\Users\ineyv\Documents\Repos\Fablekin\workspace\projects
[2026-07-18T16:26:54.000Z] [Main] [Lifecycle] >>> >>> Initializing PluginManager at startup...
[2026-07-18T16:26:54.000Z] [PluginManager] [] Repository sandbox root set to: C:\Users\ineyv\Documents\Repos\Fablekin
[2026-07-18T16:26:54.036Z] [SecureStorage] [] System initialized.
[2026-07-18T16:26:54.037Z] [Settings] [] Patched NANO_GPT_API_KEY into settings from SecureStorage.
[2026-07-18T16:26:54.040Z] [Main] [LogRetention] Log retention cleanup complete. Days=30, deleted=0, errors=0.
[2026-07-18T16:26:54.097Z] [PluginManager] [] Initialization complete. Loaded 0 active and 48 disabled plugins.
[2026-07-18T16:26:54.097Z] [PluginManager] [] Scanning core documentation in: C:\Users\ineyv\Documents\Repos\Fablekin\engine\views\docs\documents\core
[2026-07-18T16:26:54.129Z] [PluginManager] []   - Automatically registered 92 core documentation items.
[2026-07-18T16:26:54.130Z] [ScriptSecurity] [] Loaded 16 approved script hashes.
[2026-07-18T16:26:54.130Z] [Main] [Lifecycle] PluginManager initialized at startup. <<< <<<
[2026-07-18T16:26:54.135Z] [Main] [SocketIO] Socket.io server running on http://127.0.0.1:58543
[2026-07-18T16:26:54.135Z] [Main] [Lifecycle] Timeline module initialized.
[2026-07-18T16:26:54.135Z] [Timeline] [] Initialized.
[2026-07-18T16:26:54.136Z] [PluginManager] [HOOK_SYSTEM_BOOT] >>> >>> Executing hook: 'HOOK_SYSTEM_BOOT'
[2026-07-18T16:26:54.136Z] [PluginManager] [HOOK_SYSTEM_BOOT] No listeners found for hook 'HOOK_SYSTEM_BOOT'. <<< <<<
[2026-07-18T16:26:54.202Z] [Main] [Startup] Electron window initialized
[2026-07-18T16:26:54.419Z] [Main] [Startup] Launcher readiness signaled: C:\Users\ineyv\AppData\Local\Temp\fablekin-launch\ready-38092-1784392013066-1716d30d794498.json
[2026-07-18T16:26:54.426Z] [Main] [SocketIO] Socket connected ["IfILD31oi6J2i932AAAB"]
[2026-07-18T16:26:54.427Z] [Main] [Plugins] Socket IfILD31oi6J2i932AAAB (view: hud) - cache miss, executing HOOK_FRONTEND_INJECTION
[2026-07-18T16:26:54.428Z] [Main] [SocketIO] [State Restoration] No activeChatPathGlobal set.
[2026-07-18T16:26:54.427Z] [PluginManager] [HOOK_FRONTEND_INJECTION] >>> >>> Executing hook: 'HOOK_FRONTEND_INJECTION'
[2026-07-18T16:26:54.427Z] [PluginManager] [HOOK_FRONTEND_INJECTION] No listeners found for hook 'HOOK_FRONTEND_INJECTION'. <<< <<<
[2026-07-18T16:26:54.433Z] [Main] [SocketIO] Event received: get-all-projects [null]
[2026-07-18T16:26:54.438Z] [Main] [SocketIO] Emitting response: get-all-projects-response ["{ ... }"]
[2026-07-18T16:26:55.079Z] [Main] [SocketIO] Event received: select-project ["{ ... }"]
[2026-07-18T16:26:55.080Z] [VectorStoreManager] [Lifecycle] Setting active project root: C:\Users\ineyv\Documents\Repos\Fablekin\workspace\projects\exampleadventure
[2026-07-18T16:26:55.080Z] [Main] [ProjectMgmt] >>> >>> Project selection started ["C:\\Users\\ineyv\\Documents\\Repos\\Fablekin\\workspace\\projects\\exampleadventure"]
[2026-07-18T16:26:55.175Z] [Main] [SocketIO] Socket connected ["2N6M6_GW7GRMIblwAAAD"]
[2026-07-18T16:26:55.175Z] [Main] [Plugins] Socket 2N6M6_GW7GRMIblwAAAD (view: hud) - cache hit, skipping hook execution for HOOK_FRONTEND_INJECTION
[2026-07-18T16:26:55.176Z] [Main] [SocketIO] [State Restoration] No activeChatPathGlobal set.
[2026-07-18T16:26:55.197Z] [Main] [SocketIO] Event received: get-plugin-views [null]
[2026-07-18T16:26:55.198Z] [Main] [SocketIO] Event received: get-global-settings [null]
[2026-07-18T16:26:55.198Z] [Main] [SocketIO] Sending 0 plugin views to client.
[2026-07-18T16:26:55.218Z] [Main] [SocketIO] Socket connected ["L1PzBDkYMiICvSgUAAAF"]
[2026-07-18T16:26:55.218Z] [Main] [Plugins] Socket L1PzBDkYMiICvSgUAAAF (view: hud) - cache hit, skipping hook execution for HOOK_FRONTEND_INJECTION
[2026-07-18T16:26:55.218Z] [Main] [SocketIO] [State Restoration] No activeChatPathGlobal set.
[2026-07-18T16:26:55.230Z] [Main] [SocketIO] Socket connected ["U4DK7PGuljnUAVxKAAAH"]
[2026-07-18T16:26:55.231Z] [Main] [Plugins] Socket U4DK7PGuljnUAVxKAAAH (view: hud) - cache hit, skipping hook execution for HOOK_FRONTEND_INJECTION
[2026-07-18T16:26:55.231Z] [Main] [SocketIO] [State Restoration] No activeChatPathGlobal set.
[2026-07-18T16:26:55.236Z] [Main] [SocketIO] Event received: register-view ["{ ... }"]
[2026-07-18T16:26:55.237Z] [Main] [SocketIO] View 'content_manager' (Plugin: core) registered with socket U4DK7PGuljnUAVxKAAAH
[2026-07-18T16:26:55.245Z] [Main] [SocketIO] Event received: get-home-setup-data ["{ ... }"]
[2026-07-18T16:26:55.284Z] [Main] [SocketIO] Socket connected ["-xfv1WqXViyUQJrgAAAJ"]
[2026-07-18T16:26:55.284Z] [Main] [Plugins] Socket -xfv1WqXViyUQJrgAAAJ (view: hud) - cache hit, skipping hook execution for HOOK_FRONTEND_INJECTION
[2026-07-18T16:26:55.284Z] [Main] [SocketIO] [State Restoration] No activeChatPathGlobal set.
[2026-07-18T16:26:55.313Z] [Main] [SocketIO] Socket connected ["Q1srRKH3ZQnEawqIAAAM"]
[2026-07-18T16:26:55.313Z] [Main] [Plugins] Socket Q1srRKH3ZQnEawqIAAAM (view: hud) - cache hit, skipping hook execution for HOOK_FRONTEND_INJECTION
[2026-07-18T16:26:55.314Z] [Main] [SocketIO] [State Restoration] No activeChatPathGlobal set.
[2026-07-18T16:26:55.319Z] [Main] [SocketIO] Socket connected ["KHN4dy-gyd-JYg5WAAAO"]
[2026-07-18T16:26:55.320Z] [Main] [Plugins] Socket KHN4dy-gyd-JYg5WAAAO (view: hud) - cache hit, skipping hook execution for HOOK_FRONTEND_INJECTION
[2026-07-18T16:26:55.320Z] [Main] [SocketIO] [State Restoration] No activeChatPathGlobal set.
[2026-07-18T16:26:55.328Z] [Main] [SocketIO] Socket connected ["eyy-SfUGTWHyg8u6AAAR"]
[2026-07-18T16:26:55.329Z] [Main] [Plugins] Socket eyy-SfUGTWHyg8u6AAAR (view: timeline) - cache miss, executing HOOK_FRONTEND_TIMELINE_INJECTION
[2026-07-18T16:26:55.329Z] [PluginManager] [HOOK_FRONTEND_TIMELINE_INJECTION] >>> >>> Executing hook: 'HOOK_FRONTEND_TIMELINE_INJECTION'
[2026-07-18T16:26:55.329Z] [PluginManager] [HOOK_FRONTEND_TIMELINE_INJECTION] No listeners found for hook 'HOOK_FRONTEND_TIMELINE_INJECTION'. <<< <<<
[2026-07-18T16:26:55.329Z] [Main] [SocketIO] [State Restoration] No activeChatPathGlobal set.
[2026-07-18T16:26:55.333Z] [Main] [SocketIO] Event received: get-project-advanced-mode ["{ ... }"]
[2026-07-18T16:26:55.339Z] [Main] [SocketIO] Event received: get-current-project-name [null]
[2026-07-18T16:26:55.339Z] [Main] [ProjectOperations] Get current project name requested: exampleadventure
[2026-07-18T16:26:55.339Z] [Main] [SocketIO] Emitting response: get-current-project-name-response ["{ ... }"]
[2026-07-18T16:26:55.342Z] [Main] [SocketIO] Socket connected ["kcTmvYozeo6awnwYAAAU"]
[2026-07-18T16:26:55.342Z] [Main] [Plugins] Socket kcTmvYozeo6awnwYAAAU (view: hud) - cache hit, skipping hook execution for HOOK_FRONTEND_INJECTION
[2026-07-18T16:26:55.342Z] [Main] [SocketIO] [State Restoration] No activeChatPathGlobal set.
[2026-07-18T16:26:55.345Z] [Main] [SocketIO] Emitting response: get-model-pricing-response ["{ ... }"]
[2026-07-18T16:26:55.345Z] [Main] [SocketIO] Event received: get-model-pricing [null]
[2026-07-18T16:26:55.347Z] [Main] [SocketIO] Event received: get-all-logs ["{ ... }"]
[2026-07-18T16:26:55.348Z] [Main] [LogInspector] Get all logs requested for project: exampleadventure
[2026-07-18T16:26:55.351Z] [Main] [SocketIO] Socket connected ["qEarbuRYOvz5Lhc1AAAV"]
[2026-07-18T16:26:55.352Z] [Main] [SocketIO] [State Restoration] No activeChatPathGlobal set.
[2026-07-18T16:26:55.351Z] [Main] [Plugins] Socket qEarbuRYOvz5Lhc1AAAV (view: hud) - cache hit, skipping hook execution for HOOK_FRONTEND_INJECTION
[2026-07-18T16:26:55.354Z] [Main] [SocketIO] Event received: get-core-folders ["{ ... }"]
[2026-07-18T16:26:55.354Z] [Main] [SocketIO] Emitting response: get-core-folders-response ["{ ... }"]
[2026-07-18T16:26:55.355Z] [Main] [SocketIO] [State Restoration] No activeChatPathGlobal set.
[2026-07-18T16:26:55.355Z] [Main] [Plugins] Socket Ilww73iEIl1FfmxMAAAW (view: hud) - cache hit, skipping hook execution for HOOK_FRONTEND_INJECTION
[2026-07-18T16:26:55.355Z] [Main] [SocketIO] Socket connected ["Ilww73iEIl1FfmxMAAAW"]
[2026-07-18T16:26:55.360Z] [Main] [SocketIO] Event received: get-project-directives ["{ ... }"]
[2026-07-18T16:26:55.360Z] [Main] [SocketIO] Event received: get-project-notes ["{ ... }"]
[2026-07-18T16:26:55.366Z] [Main] [SocketIO] Event received: get-scene-history-data [null]
[2026-07-18T16:26:55.367Z] [Main] [SocketIO] Emitting response: get-scene-history-data-response ["{ ... }"]
[2026-07-18T16:26:55.366Z] [Main] [SceneHistory] Request received for scene history data.
[2026-07-18T16:26:55.372Z] [Main] [SocketIO] Event received: get-timeline-data [null]
[2026-07-18T16:26:55.373Z] [Timeline] [Refresh] >>> >>> Refreshing timeline skeletons (get-timeline-data)...
[2026-07-18T16:26:55.374Z] [Timeline] [Cache] Timeline provider cache initialized for unknown.
[2026-07-18T16:26:55.373Z] [Main] [Timeline] Timeline data requested.
[2026-07-18T16:26:55.374Z] [Timeline] [RefreshTiming] chapterManager.getChapterMetadata: 1ms
[2026-07-18T16:26:55.374Z] [Timeline] [Refresh] No turns found. Emitting empty timeline. <<< <<<
[2026-07-18T16:26:55.379Z] [Main] [SocketIO] Forwarding unhandled event: docs:req-index
[2026-07-18T16:26:55.380Z] [PluginManager] [] Docs index requested. Sending 92 dynamic items.
[2026-07-18T16:26:55.383Z] [Main] [SocketIO] Event received: get-global-settings ["{ ... }"]
[2026-07-18T16:26:55.385Z] [Main] [Plugins] Socket y_ED1Sok_NUjmk5XAAAX (view: hud) - cache hit, skipping hook execution for HOOK_FRONTEND_INJECTION
[2026-07-18T16:26:55.385Z] [Main] [SocketIO] Socket connected ["y_ED1Sok_NUjmk5XAAAX"]
[2026-07-18T16:26:55.385Z] [Main] [SocketIO] [State Restoration] No activeChatPathGlobal set.
[2026-07-18T16:26:55.389Z] [Main] [SocketIO] Event received: get-plugins ["{ ... }"]
[2026-07-18T16:26:55.391Z] [Main] [SocketIO] Sending 48 plugins metadata to client.
[2026-07-18T16:26:55.397Z] [Main] [SocketIO] Event received: get-available-themes [null]
[2026-07-18T16:26:55.407Z] [Main] [SocketIO] Emitting response: get-all-logs-response ["{ ... }"]
[2026-07-18T16:26:55.412Z] [Express] [] GET /plugins/disabled/adventure_book/screenshot1.webp
[2026-07-18T16:26:55.413Z] [Main] [SocketIO] Event received: get-provider-secrets [null]
[2026-07-18T16:26:55.414Z] [Main] [SocketIO] Event received: get-plugins ["{ ... }"]
[2026-07-18T16:26:55.414Z] [Express] [] GET /plugins/disabled/arc_cinematics/screenshot1.webp
[2026-07-18T16:26:55.415Z] [Express] [] GET /plugins/disabled/camp_rest_interludes/screenshot1.webp
[2026-07-18T16:26:55.417Z] [Main] [SocketIO] Event received: get-global-settings [null]
[2026-07-18T16:26:55.420Z] [Main] [SocketIO] Sending 48 plugins metadata to client.
[2026-07-18T16:26:55.431Z] [Main] [SocketIO] Forwarding unhandled event: memory-system-log-buffer-request ["{ ... }"]
[2026-07-18T16:26:55.435Z] [Express] [] GET /plugins/disabled/character_sheets/screenshot1.webp
[2026-07-18T16:26:55.436Z] [Main] [SocketIO] Event received: get-global-settings ["{ ... }"]
[2026-07-18T16:26:55.436Z] [Express] [] GET /plugins/disabled/cg_generator/screenshot1.webp
[2026-07-18T16:26:55.438Z] [Express] [] GET /plugins/disabled/output_size_controller/screenshot1.webp
[2026-07-18T16:26:55.442Z] [Express] [] GET /plugins/disabled/quest_tracker/screenshot1.webp
[2026-07-18T16:26:55.447Z] [Express] [] GET /plugins/disabled/relationship_tracker/screenshot1.webp
[2026-07-18T16:26:55.447Z] [Express] [] GET /plugins/disabled/sprite_shading/screenshot1.webp
[2026-07-18T16:26:55.453Z] [Express] [] GET /plugins/disabled/vn_pixijs_vfx/screenshot1.webp
[2026-07-18T16:26:55.459Z] [Express] [] GET /plugins/disabled/world_location_tracker/screenshot1.webp
[2026-07-18T16:26:55.461Z] [Express] [] GET /plugins/disabled/world_state_tracker/screenshot1.webp
[2026-07-18T16:26:55.508Z] [Main] [SocketIO] Socket connected ["bSSDghO4fo0s11wWAAAZ"]
[2026-07-18T16:26:55.509Z] [Main] [Plugins] Socket bSSDghO4fo0s11wWAAAZ (view: hud) - cache hit, skipping hook execution for HOOK_FRONTEND_INJECTION
[2026-07-18T16:26:55.509Z] [Main] [SocketIO] [State Restoration] No activeChatPathGlobal set.
[2026-07-18T16:26:55.513Z] [ConfigManager] [Persistence] Configuration saved to: C:\Users\ineyv\Documents\Repos\Fablekin\workspace\projects\exampleadventure\exampleadventure.config
[2026-07-18T16:26:55.515Z] [Main] [SocketIO] Event received: get-player-metadata ["{ ... }"]
[2026-07-18T16:26:55.517Z] [Main] [SocketIO] Emitting response: get-vn-settings-response ["{ ... }"]
[2026-07-18T16:26:55.516Z] [Main] [SocketIO] Event received: get-vn-settings ["{ ... }"]
[2026-07-18T16:26:55.520Z] [DirProcessor] [Lifecycle] >>> >>> Starting directory processing: C:\Users\ineyv\Documents\Repos\Fablekin\workspace\projects\exampleadventure
[2026-07-18T16:26:55.521Z] [DirProcessor] [Query] >>> >>> Reading directory: C:\Users\ineyv\Documents\Repos\Fablekin\workspace\projects\exampleadventure (Depth: 0)
[2026-07-18T16:26:55.521Z] [DirProcessor] [Query] Processing entry: 1_Directives, Mode: not-included, Order: 100
[2026-07-18T16:26:55.522Z] [DirProcessor] [Query] >>> >>> Reading directory: C:\Users\ineyv\Documents\Repos\Fablekin\workspace\projects\exampleadventure\1_Directives (Depth: 1)
[2026-07-18T16:26:55.522Z] [Main] [SocketIO] Emitting response: get-player-metadata-response ["{ ... }"]
[2026-07-18T16:26:55.523Z] [DirProcessor] [Query] Processing entry: directives.md, Mode: full, Order: 100
[2026-07-18T16:26:55.524Z] [DirProcessor] [Query] Processing entry: output size.md, Mode: full, Order: 200
[2026-07-18T16:26:55.526Z] [DirProcessor] [Query] Processing entry: story genre.md, Mode: full, Order: 150
[2026-07-18T16:26:55.527Z] [DirProcessor] [Query] Finished reading directory: C:\Users\ineyv\Documents\Repos\Fablekin\workspace\projects\exampleadventure\1_Directives <<< <<<
[2026-07-18T16:26:55.528Z] [DirProcessor] [Query] Processing entry: 2_Lore_Book, Mode: not-included, Order: 200
[2026-07-18T16:26:55.528Z] [DirProcessor] [Query] >>> >>> Reading directory: C:\Users\ineyv\Documents\Repos\Fablekin\workspace\projects\exampleadventure\2_Lore_Book (Depth: 1)
[2026-07-18T16:26:55.528Z] [DirProcessor] [Query] Processing entry: Ingrid.md, Mode: full, Order: 100
[2026-07-18T16:26:55.530Z] [DirProcessor] [Query] Processing entry: Intro.md, Mode: intro, Order: 600
[2026-07-18T16:26:55.531Z] [DirProcessor] [Query] Processing entry: Laios.md, Mode: full, Order: 200
[2026-07-18T16:26:55.532Z] [DirProcessor] [Query] Processing entry: Party Dynamics.md, Mode: full, Order: 400
[2026-07-18T16:26:55.533Z] [DirProcessor] [Query] Processing entry: Srava.md, Mode: full, Order: 300
[2026-07-18T16:26:55.535Z] [DirProcessor] [Query] Processing entry: World Lore.md, Mode: full, Order: 500
[2026-07-18T16:26:55.535Z] [DirProcessor] [Query] Processing entry: World.world, Mode: not-included, Order: 700
[2026-07-18T16:26:55.536Z] [DirProcessor] [Query] >>> >>> Reading directory: C:\Users\ineyv\Documents\Repos\Fablekin\workspace\projects\exampleadventure\2_Lore_Book\World.world (Depth: 2)
[2026-07-18T16:26:55.536Z] [DirProcessor] [Query] Stopping at depth 2 for: C:\Users\ineyv\Documents\Repos\Fablekin\workspace\projects\exampleadventure\2_Lore_Book\World.world
[2026-07-18T16:26:55.536Z] [DirProcessor] [Query] Processing entry: 3_Chronicles, Mode: not-included, Order: 300
[2026-07-18T16:26:55.536Z] [DirProcessor] [Query] Finished reading directory: C:\Users\ineyv\Documents\Repos\Fablekin\workspace\projects\exampleadventure\2_Lore_Book <<< <<<
[2026-07-18T16:26:55.536Z] [DirProcessor] [Query] >>> >>> Reading directory: C:\Users\ineyv\Documents\Repos\Fablekin\workspace\projects\exampleadventure\3_Chronicles (Depth: 1)
[2026-07-18T16:26:55.537Z] [DirProcessor] [Query] Processing entry: Save 1.db, Mode: chat, Order: 100
[2026-07-18T16:26:55.537Z] [DirProcessor] [Query] Finished reading directory: C:\Users\ineyv\Documents\Repos\Fablekin\workspace\projects\exampleadventure\3_Chronicles <<< <<<
[2026-07-18T16:26:55.537Z] [DirProcessor] [Query] Processing entry: 4_Important, Mode: not-included, Order: 400
[2026-07-18T16:26:55.538Z] [DirProcessor] [Query] >>> >>> Reading directory: C:\Users\ineyv\Documents\Repos\Fablekin\workspace\projects\exampleadventure\4_Important (Depth: 1)
[2026-07-18T16:26:55.539Z] [DirProcessor] [Query] Finished reading directory: C:\Users\ineyv\Documents\Repos\Fablekin\workspace\projects\exampleadventure\4_Important <<< <<<
[2026-07-18T16:26:55.539Z] [DirProcessor] [Query] Processing entry: assets, Mode: not-included, Order: 500
[2026-07-18T16:26:55.539Z] [DirProcessor] [Query] Excluding system directory: assets
[2026-07-18T16:26:55.539Z] [DirProcessor] [Query] Processing entry: exampleadventure.config, Mode: not-included, Order: 600
[2026-07-18T16:26:55.539Z] [DirProcessor] [Query] Processing entry: exampleadventure.db, Mode: not-included, Order: 700
[2026-07-18T16:26:55.539Z] [DirProcessor] [Query] Excluding project DB file: exampleadventure.db
[2026-07-18T16:26:55.539Z] [DirProcessor] [Query] Excluding project config file: exampleadventure.config
[2026-07-18T16:26:55.539Z] [DirProcessor] [Query] Finished reading directory: C:\Users\ineyv\Documents\Repos\Fablekin\workspace\projects\exampleadventure <<< <<<
[2026-07-18T16:26:55.539Z] [DirProcessor] [Lifecycle] Directory processing completed <<< <<<
[2026-07-18T16:26:55.539Z] [Main] [ProjectMgmt] Broadcasting project-changed event for: exampleadventure
[2026-07-18T16:26:55.544Z] [StaticDataManager] [Lifecycle] >>> >>> Opened static database: C:\Users\ineyv\Documents\Repos\Fablekin\workspace\projects\exampleadventure\exampleadventure.db
[2026-07-18T16:26:55.546Z] [StaticDataManager] [Lifecycle] Database initialization for exampleadventure successful. <<< <<<
[2026-07-18T16:26:55.546Z] [Main] [Database] StaticDataManager initialized for project: exampleadventure
[2026-07-18T16:26:55.546Z] [PluginManager] [] Active project root set to: C:\Users\ineyv\Documents\Repos\Fablekin\workspace\projects\exampleadventure
[2026-07-18T16:26:55.547Z] [Main] [ProjectMgmt] PluginManager updated for project: exampleadventure. Root: C:\Users\ineyv\Documents\Repos\Fablekin\workspace\projects\exampleadventure
[2026-07-18T16:26:55.547Z] [PluginManager] [HOOK_PROJECT_LOADED] >>> >>> Executing hook: 'HOOK_PROJECT_LOADED'
[2026-07-18T16:26:55.547Z] [PluginManager] [HOOK_PROJECT_LOADED] Hook 'HOOK_PROJECT_LOADED': Found 1 listeners
[2026-07-18T16:26:55.547Z] [PluginManager] [HOOK_PROJECT_LOADED:P999] >>> >>> Executing priority group 999 (1 listeners)
[2026-07-18T16:26:55.547Z] [PluginManager] [HOOK_PROJECT_LOADED:P999:core_story_scripts:Seq] >>> >>> Running sequential listener
[2026-07-18T16:26:55.551Z] [PluginManager] [] Scanning for Story Scripts...
[2026-07-18T16:26:55.555Z] [PluginManager] [] No Story Scripts found.
[2026-07-18T16:26:55.555Z] [PluginManager] [HOOK_PROJECT_LOADED:P999:core_story_scripts:Seq] Finished sequential listener <<< <<<
[2026-07-18T16:26:55.555Z] [PluginManager] [HOOK_PROJECT_LOADED:P999] Finished priority group 999 <<< <<<
[2026-07-18T16:26:55.556Z] [PluginManager] [HOOK_PROJECT_LOADED] Executing hook: 'HOOK_PROJECT_LOADED' <<< <<<
[2026-07-18T16:26:55.556Z] [Main] [Plugins] Frontend injection cache invalidated.
[2026-07-18T16:26:55.556Z] [Main] [ProjectMgmt] Loaded player character data: "Talion" (from config)
[2026-07-18T16:26:55.556Z] [Main] [ProjectMgmt] Initializing FactManager for project: exampleadventure
[2026-07-18T16:26:55.556Z] [Main] [ProjectMgmt] FactManager initialized for project: exampleadventure
[2026-07-18T16:26:55.556Z] [Main] [SocketIO] Emitting response: project-ready ["{ ... }"]
[2026-07-18T16:26:55.556Z] [Main] [ProjectOperations] [State Restoration] Auto-initializing active chat DB: C:\Users\ineyv\Documents\Repos\Fablekin\workspace\projects\exampleadventure\3_Chronicles\Save 1.db
[2026-07-18T16:26:55.556Z] [ChapterMgmt] [Lifecycle] >>> >>> init called for chat DB full path: C:\Users\ineyv\Documents\Repos\Fablekin\workspace\projects\exampleadventure\3_Chronicles\Save 1.db
[2026-07-18T16:26:55.556Z] [ChapterMgmt] [Lifecycle] Derived project root: C:\Users\ineyv\Documents\Repos\Fablekin\workspace\projects\exampleadventure
[2026-07-18T16:26:55.559Z] [ChapterMgmt] [Database] Initializing database at path: C:\Users\ineyv\Documents\Repos\Fablekin\workspace\projects\exampleadventure\3_Chronicles\Save 1.db
[2026-07-18T16:26:55.560Z] [ChapterMgmt] [Database] Database connection established: true
[2026-07-18T16:26:55.563Z] [ChapterMgmt] [Lifecycle] Database initialized successfully for project: exampleadventure <<< <<<
[2026-07-18T16:26:55.564Z] [Main] [ProjectOperations] [State Restoration] Broadcasting chat-db-switched. Path: C:\Users\ineyv\Documents\Repos\Fablekin\workspace\projects\exampleadventure\3_Chronicles\Save 1.db, State: {"turnNumber":1,"dialogueIndex":27,"sceneMode":"mainline","interludeId":null,"storageTurnKey":"1"}
[2026-07-18T16:26:55.564Z] [Main] [ProjectOperations] Initializing FactManager for project: exampleadventure with DB: C:\Users\ineyv\Documents\Repos\Fablekin\workspace\projects\exampleadventure\3_Chronicles\Save 1.db
[2026-07-18T16:26:55.564Z] [FactManager] [Lifecycle] >>> >>> init called for chat DB full path: C:\Users\ineyv\Documents\Repos\Fablekin\workspace\projects\exampleadventure\3_Chronicles\Save 1.db
[2026-07-18T16:26:55.566Z] [FactManager] [Database] Initializing database at path: C:\Users\ineyv\Documents\Repos\Fablekin\workspace\projects\exampleadventure\3_Chronicles\Save 1.db
[2026-07-18T16:26:55.566Z] [Main] [SocketIO] Event received: get-scene-history-data [null]
[2026-07-18T16:26:55.566Z] [Main] [SceneHistory] Request received for scene history data.
[2026-07-18T16:26:55.568Z] [Main] [SocketIO] Event received: get-timeline-data [null]
[2026-07-18T16:26:55.568Z] [Main] [Timeline] Timeline data requested.
[2026-07-18T16:26:55.568Z] [Timeline] [Refresh] >>> >>> Refreshing timeline skeletons (get-timeline-data)...
[2026-07-18T16:26:55.569Z] [FactManager] [Database] Database connection established: true
[2026-07-18T16:26:55.569Z] [Main] [SocketIO] Event received: get-project-directives ["{ ... }"]
[2026-07-18T16:26:55.570Z] [Main] [SocketIO] Event received: get-player-metadata [null]
[2026-07-18T16:26:55.570Z] [Main] [SocketIO] Event received: execute-frontend-hook ["{ ... }"]
[2026-07-18T16:26:55.570Z] [Main] [Plugins] Frontend requested hook execution: HOOK_CONTENT_MANAGER_GUI_READY
[2026-07-18T16:26:55.570Z] [PluginManager] [HOOK_CONTENT_MANAGER_GUI_READY] >>> >>> Executing hook: 'HOOK_CONTENT_MANAGER_GUI_READY'
[2026-07-18T16:26:55.570Z] [PluginManager] [HOOK_CONTENT_MANAGER_GUI_READY] No listeners found for hook 'HOOK_CONTENT_MANAGER_GUI_READY'. <<< <<<
[2026-07-18T16:26:55.570Z] [Main] [SocketIO] Event received: get-project-notes ["{ ... }"]
[2026-07-18T16:26:55.571Z] [Main] [SocketIO] Emitting response: execute-frontend-hook-response ["{ ... }"]
[2026-07-18T16:26:55.572Z] [Main] [SocketIO] Emitting response: get-scene-history-data-response ["{ ... }"]
[2026-07-18T16:26:55.573Z] [Timeline] [RefreshTiming] chapterManager.getChapterMetadata: 5ms
[2026-07-18T16:26:55.573Z] [Timeline] [Cache] Timeline provider cache initialized for C:\Users\ineyv\Documents\Repos\Fablekin\workspace\projects\exampleadventure\3_Chronicles\Save 1.db.
[2026-07-18T16:26:55.573Z] [Timeline] [RefreshTiming] Skeleton payload total 5ms.
[2026-07-18T16:26:55.573Z] [Timeline] [Refresh] Emitting timeline skeletons: 1 turns. <<< <<<
[2026-07-18T16:26:55.575Z] [FactManager] [Lifecycle] Database initialized successfully for project: exampleadventure <<< <<<
[2026-07-18T16:26:55.576Z] [PluginManager] [HOOK_CHAT_DB_INITIALIZED] >>> >>> Executing hook: 'HOOK_CHAT_DB_INITIALIZED'
[2026-07-18T16:26:55.576Z] [PluginManager] [HOOK_CHAT_DB_INITIALIZED:P999:core_story_scripts_reload:Seq] >>> >>> Running sequential listener
[2026-07-18T16:26:55.576Z] [PluginManager] [HOOK_CHAT_DB_INITIALIZED:P999] >>> >>> Executing priority group 999 (1 listeners)
[2026-07-18T16:26:55.576Z] [PluginManager] [] Scanning for Story Scripts...
[2026-07-18T16:26:55.576Z] [PluginManager] [HOOK_CHAT_DB_INITIALIZED] Hook 'HOOK_CHAT_DB_INITIALIZED': Found 1 listeners
[2026-07-18T16:26:55.578Z] [Main] [SocketIO] Event received: get-player-metadata ["{ ... }"]
[2026-07-18T16:26:55.579Z] [Main] [SocketIO] Event received: play-historical-turn ["{ ... }"]
[2026-07-18T16:26:55.579Z] [Main] [VNOperations] >>> >>> playHistoricalTurn requested for turn 1
[2026-07-18T16:26:55.586Z] [Express] [] POST /plugins/tts_core/cancel-all
[2026-07-18T16:26:55.591Z] [Main] [SocketIO] Emitting response: get-player-metadata-response ["{ ... }"]
[2026-07-18T16:26:55.593Z] [PluginManager] [] No Story Scripts found.
[2026-07-18T16:26:55.593Z] [PluginManager] [HOOK_CHAT_DB_INITIALIZED:P999:core_story_scripts_reload:Seq] Finished sequential listener <<< <<<
[2026-07-18T16:26:55.593Z] [PluginManager] [HOOK_CHAT_DB_INITIALIZED] Executing hook: 'HOOK_CHAT_DB_INITIALIZED' <<< <<<
[2026-07-18T16:26:55.593Z] [PluginManager] [HOOK_CHAT_DB_INITIALIZED:P999] Finished priority group 999 <<< <<<
[2026-07-18T16:26:55.593Z] [Main] [ProjectOperations] [State Restoration] HOOK_CHAT_DB_INITIALIZED complete for: C:\Users\ineyv\Documents\Repos\Fablekin\workspace\projects\exampleadventure\3_Chronicles\Save 1.db
[2026-07-18T16:26:55.593Z] [Main] [ProjectMgmt] Project selection complete <<< <<<
[2026-07-18T16:26:55.595Z] [Main] [SocketIO] Emitting response: get-player-metadata-response ["{ ... }"]
[2026-07-18T16:26:55.601Z] [PluginManager] [HOOK_VN_EMIT_TURN] >>> >>> Executing hook: 'HOOK_VN_EMIT_TURN'
[2026-07-18T16:26:55.601Z] [PluginManager] [HOOK_VN_EMIT_TURN] No listeners found for hook 'HOOK_VN_EMIT_TURN'. <<< <<<
[2026-07-18T16:26:55.604Z] [Main] [SocketIO] Emitting response: play-historical-turn-response ["{ ... }"]
[2026-07-18T16:26:55.608Z] [Main] [VNOperations] Historical turn 1 sent to viewer. <<< <<<
[2026-07-18T16:26:55.795Z] [Express] [] POST /plugins/tts_core/missing-current-turn
[2026-07-18T16:26:55.889Z] [Main] [SocketIO] Event received: sprite-opaque-bounds:get ["{ ... }"]
[2026-07-18T16:26:56.284Z] [Main] [SocketIO] Event received: get-timeline-range-data ["{ ... }"]
[2026-07-18T16:26:56.284Z] [Main] [Timeline] Timeline range data requested. ["{ ... }"]
[2026-07-18T16:26:56.285Z] [Timeline] [RangeTiming] chapterManager.getChapterMetadata: 1ms
[2026-07-18T16:26:56.286Z] [Timeline] [RangeHydration] >>> >>> Hydrating timeline rows 0-0 (1 turns).
[2026-07-18T16:26:56.286Z] [Timeline] [RangeHydration] Emitting hydrated timeline rows 0-0. <<< <<<
[2026-07-18T16:26:56.286Z] [Timeline] [RangeHydration] Cache hits=0, misses=0, total=2ms.
[2026-07-18T16:26:56.286Z] [Timeline] [RangeDiagnostics] Hydration diagnostics request=timeline_range_1784392016283_1 rows=1 slowRows=0 slowProviderCalls=0 total=2ms concurrency=row2/provider3
[2026-07-18T16:26:56.431Z] [Main] [SocketIO] Event received: sprite-opaque-bounds:get ["{ ... }"]
[2026-07-18T16:26:56.927Z] [Main] [SocketIO] Event received: sprite-opaque-bounds:get ["{ ... }"]
[2026-07-18T16:26:57.053Z] [Main] [SocketIO] Event received: sprite-opaque-bounds:get ["{ ... }"]
[2026-07-18T16:26:57.346Z] [Main] [SocketIO] Event received: execute-frontend-hook ["{ ... }"]
[2026-07-18T16:26:57.346Z] [Main] [Plugins] Frontend requested hook execution: HOOK_VN_GUI_READY
[2026-07-18T16:26:57.348Z] [Main] [SocketIO] Emitting response: execute-frontend-hook-response ["{ ... }"]
[2026-07-18T16:26:57.347Z] [PluginManager] [HOOK_VN_GUI_READY] No listeners found for hook 'HOOK_VN_GUI_READY'. <<< <<<
[2026-07-18T16:26:57.348Z] [Timeline] [Refresh] >>> >>> Refreshing timeline skeletons...
[2026-07-18T16:26:57.346Z] [PluginManager] [HOOK_VN_GUI_READY] >>> >>> Executing hook: 'HOOK_VN_GUI_READY'
[2026-07-18T16:26:57.349Z] [Timeline] [RefreshTiming] chapterManager.getChapterMetadata: 1ms
[2026-07-18T16:26:57.350Z] [Timeline] [Refresh] Emitting timeline skeletons: 1 turns. <<< <<<
[2026-07-18T16:26:57.350Z] [Timeline] [RefreshTiming] Skeleton payload total 2ms.
[2026-07-18T16:26:57.566Z] [Main] [SocketIO] Event received: sprite-opaque-bounds:get ["{ ... }"]
[2026-07-18T16:26:57.598Z] [Express] [] POST /plugins/tts_core/missing-current-turn
[2026-07-18T16:26:58.007Z] [Main] [SocketIO] Event received: sprite-opaque-bounds:get ["{ ... }"]
[2026-07-18T16:26:58.286Z] [Main] [SocketIO] Event received: get-timeline-range-data ["{ ... }"]
[2026-07-18T16:26:58.287Z] [Main] [Timeline] Timeline range data requested. ["{ ... }"]
[2026-07-18T16:26:58.288Z] [Timeline] [RangeTiming] chapterManager.getChapterMetadata: 1ms
[2026-07-18T16:26:58.288Z] [Timeline] [RangeHydration] >>> >>> Hydrating timeline rows 0-0 (1 turns).
[2026-07-18T16:26:58.288Z] [Timeline] [RangeDiagnostics] Hydration diagnostics request=timeline_range_1784392018285_2 rows=1 slowRows=0 slowProviderCalls=0 total=1ms concurrency=row2/provider3
[2026-07-18T16:26:58.288Z] [Timeline] [RangeHydration] Cache hits=0, misses=0, total=1ms.
[2026-07-18T16:26:58.288Z] [Timeline] [RangeHydration] Emitting hydrated timeline rows 0-0. <<< <<<
[2026-07-18T16:26:58.416Z] [Main] [SocketIO] Event received: sprite-opaque-bounds:get ["{ ... }"]
[2026-07-18T16:26:58.852Z] [Main] [SocketIO] Event received: sprite-opaque-bounds:get ["{ ... }"]
[2026-07-18T16:26:59.308Z] [Main] [SocketIO] Event received: sprite-opaque-bounds:get ["{ ... }"]
[2026-07-18T16:28:48.885Z] [Main] [SocketIO] Event received: save-vn-settings ["{ ... }"]
[2026-07-18T16:28:48.894Z] [Main] [SocketIO] Emitting response: save-vn-settings-response ["{ ... }"]
[2026-07-18T16:28:48.894Z] [Main] [SettingsMgmt] Saved VN settings globally (including plugins).
[2026-07-18T16:28:48.899Z] [Main] [SocketIO] Event received: get-plugins ["{ ... }"]
[2026-07-18T16:28:48.902Z] [Main] [SocketIO] Sending 48 plugins metadata to client.
[2026-07-18T16:28:49.298Z] [Main] [SocketIO] Event received: get-plugins ["{ ... }"]
[2026-07-18T16:28:49.301Z] [Main] [SocketIO] Sending 48 plugins metadata to client.
[2026-07-18T16:29:09.728Z] [Express] [] GET /projects/exampleadventure/plugins/Save%201/1/tts_core/3175585115.wav
[2026-07-18T16:29:11.927Z] [Express] [] POST /plugins/tts_core/missing-current-turn
[2026-07-18T16:29:12.143Z] [Express] [] GET /projects/exampleadventure/plugins/Save%201/1/tts_core/1277225041.wav
[2026-07-18T16:29:13.559Z] [Express] [] GET /projects/exampleadventure/plugins/Save%201/1/tts_core/3816191119.wav
[2026-07-18T16:29:14.348Z] [Express] [] POST /plugins/tts_core/missing-current-turn
[2026-07-18T16:33:46.977Z] [FactManager] [Lifecycle] >>> >>> Closing database connection.
[2026-07-18T16:33:46.991Z] [FactManager] [Lifecycle] Database connection closed. <<< <<<
[2026-07-18T16:33:46.991Z] [StaticDataManager] [Lifecycle] Static database closed.
[2026-07-18T16:33:46.991Z] [ChapterMgmt] [Lifecycle] >>> >>> Closing database connection.
[2026-07-18T16:33:47.012Z] [ChapterMgmt] [Lifecycle] Database connection closed. <<< <<<
