[2026-07-18T16:51:02.132Z] [Main] [Startup] Projects root ensured at: C:\Users\ineyv\Documents\Repos\Fablekin\workspace\projects
[2026-07-18T16:51:02.237Z] [Main] [Lifecycle] >>> >>> Initializing PluginManager at startup...
[2026-07-18T16:51:02.237Z] [PluginManager] [] Repository sandbox root set to: C:\Users\ineyv\Documents\Repos\Fablekin
[2026-07-18T16:51:02.277Z] [SecureStorage] [] System initialized.
[2026-07-18T16:51:02.277Z] [Settings] [] Patched NANO_GPT_API_KEY into settings from SecureStorage.
[2026-07-18T16:51:02.281Z] [Main] [LogRetention] Log retention cleanup complete. Days=30, deleted=0, errors=0.
[2026-07-18T16:51:02.341Z] [PluginManager] [] Initialization complete. Loaded 0 active and 48 disabled plugins.
[2026-07-18T16:51:02.341Z] [PluginManager] [] Scanning core documentation in: C:\Users\ineyv\Documents\Repos\Fablekin\engine\views\docs\documents\core
[2026-07-18T16:51:02.385Z] [PluginManager] []   - Automatically registered 92 core documentation items.
[2026-07-18T16:51:02.387Z] [ScriptSecurity] [] Loaded 16 approved script hashes.
[2026-07-18T16:51:02.388Z] [Main] [Lifecycle] PluginManager initialized at startup. <<< <<<
[2026-07-18T16:51:02.392Z] [Main] [SocketIO] Socket.io server running on http://127.0.0.1:60322
[2026-07-18T16:51:02.393Z] [Timeline] [] Initialized.
[2026-07-18T16:51:02.394Z] [PluginManager] [HOOK_SYSTEM_BOOT] >>> >>> Executing hook: 'HOOK_SYSTEM_BOOT'
[2026-07-18T16:51:02.394Z] [PluginManager] [HOOK_SYSTEM_BOOT] No listeners found for hook 'HOOK_SYSTEM_BOOT'. <<< <<<
[2026-07-18T16:51:02.393Z] [Main] [Lifecycle] Timeline module initialized.
[2026-07-18T16:51:02.480Z] [Main] [Startup] Electron window initialized
[2026-07-18T16:51:02.739Z] [Main] [Startup] Launcher readiness signaled: C:\Users\ineyv\AppData\Local\Temp\fablekin-launch\ready-36872-1784393461281-be77a922291898.json
[2026-07-18T16:51:02.749Z] [Main] [SocketIO] Socket connected ["JowHKGKMgP59l6ANAAAB"]
[2026-07-18T16:51:02.750Z] [Main] [Plugins] Socket JowHKGKMgP59l6ANAAAB (view: hud) - cache miss, executing HOOK_FRONTEND_INJECTION
[2026-07-18T16:51:02.751Z] [Main] [SocketIO] [State Restoration] No activeChatPathGlobal set.
[2026-07-18T16:51:02.750Z] [PluginManager] [HOOK_FRONTEND_INJECTION] >>> >>> Executing hook: 'HOOK_FRONTEND_INJECTION'
[2026-07-18T16:51:02.750Z] [PluginManager] [HOOK_FRONTEND_INJECTION] No listeners found for hook 'HOOK_FRONTEND_INJECTION'. <<< <<<
[2026-07-18T16:51:02.757Z] [Main] [SocketIO] Event received: get-all-projects [null]
[2026-07-18T16:51:02.766Z] [Main] [SocketIO] Emitting response: get-all-projects-response ["{ ... }"]
[2026-07-18T16:51:03.872Z] [Main] [SocketIO] Event received: select-project ["{ ... }"]
[2026-07-18T16:51:03.873Z] [VectorStoreManager] [Lifecycle] Setting active project root: C:\Users\ineyv\Documents\Repos\Fablekin\workspace\projects\exampleadventure
[2026-07-18T16:51:03.873Z] [Main] [ProjectMgmt] >>> >>> Project selection started ["C:\\Users\\ineyv\\Documents\\Repos\\Fablekin\\workspace\\projects\\exampleadventure"]
[2026-07-18T16:51:03.927Z] [Main] [SocketIO] Socket connected ["XeZNYk_kjprF_Y7sAAAD"]
[2026-07-18T16:51:03.928Z] [Main] [Plugins] Socket XeZNYk_kjprF_Y7sAAAD (view: hud) - cache hit, skipping hook execution for HOOK_FRONTEND_INJECTION
[2026-07-18T16:51:03.928Z] [Main] [SocketIO] [State Restoration] No activeChatPathGlobal set.
[2026-07-18T16:51:04.042Z] [Main] [SocketIO] Socket connected ["sOK-iEOgZiecbUFnAAAG"]
[2026-07-18T16:51:04.042Z] [Main] [Plugins] Socket sOK-iEOgZiecbUFnAAAG (view: hud) - cache hit, skipping hook execution for HOOK_FRONTEND_INJECTION
[2026-07-18T16:51:04.042Z] [Main] [SocketIO] [State Restoration] No activeChatPathGlobal set.
[2026-07-18T16:51:04.074Z] [Main] [SocketIO] Event received: register-view ["{ ... }"]
[2026-07-18T16:51:04.075Z] [Main] [SocketIO] View 'content_manager' (Plugin: core) registered with socket sOK-iEOgZiecbUFnAAAG
[2026-07-18T16:51:04.076Z] [Main] [Plugins] Socket N1_tm9zKVE7yKiitAAAI (view: hud) - cache hit, skipping hook execution for HOOK_FRONTEND_INJECTION
[2026-07-18T16:51:04.076Z] [Main] [SocketIO] [State Restoration] No activeChatPathGlobal set.
[2026-07-18T16:51:04.075Z] [Main] [SocketIO] Socket connected ["N1_tm9zKVE7yKiitAAAI"]
[2026-07-18T16:51:04.090Z] [Main] [SocketIO] Socket connected ["wEwAq5MFV8JZCsYPAAAJ"]
[2026-07-18T16:51:04.091Z] [Main] [SocketIO] [State Restoration] No activeChatPathGlobal set.
[2026-07-18T16:51:04.090Z] [Main] [Plugins] Socket wEwAq5MFV8JZCsYPAAAJ (view: hud) - cache hit, skipping hook execution for HOOK_FRONTEND_INJECTION
[2026-07-18T16:51:04.131Z] [Main] [SocketIO] Event received: get-home-setup-data ["{ ... }"]
[2026-07-18T16:51:04.190Z] [Main] [SocketIO] Event received: get-project-advanced-mode ["{ ... }"]
[2026-07-18T16:51:04.202Z] [Main] [SocketIO] Event received: get-core-folders ["{ ... }"]
[2026-07-18T16:51:04.203Z] [Main] [SocketIO] Socket connected ["hCq2BzZPSU4MT34qAAAN"]
[2026-07-18T16:51:04.202Z] [Main] [SocketIO] Emitting response: get-core-folders-response ["{ ... }"]
[2026-07-18T16:51:04.203Z] [Main] [Plugins] Socket hCq2BzZPSU4MT34qAAAN (view: hud) - cache hit, skipping hook execution for HOOK_FRONTEND_INJECTION
[2026-07-18T16:51:04.203Z] [Main] [SocketIO] [State Restoration] No activeChatPathGlobal set.
[2026-07-18T16:51:04.204Z] [Main] [SocketIO] Socket connected ["1HZ6--lFxYsZRJtUAAAO"]
[2026-07-18T16:51:04.205Z] [Main] [SocketIO] [State Restoration] No activeChatPathGlobal set.
[2026-07-18T16:51:04.212Z] [Main] [SocketIO] Event received: get-project-directives ["{ ... }"]
[2026-07-18T16:51:04.205Z] [Main] [Plugins] Socket 1HZ6--lFxYsZRJtUAAAO (view: hud) - cache hit, skipping hook execution for HOOK_FRONTEND_INJECTION
[2026-07-18T16:51:04.212Z] [Main] [SocketIO] Event received: get-project-notes ["{ ... }"]
[2026-07-18T16:51:04.222Z] [Main] [SocketIO] Socket connected ["Izd7S8vGabt80nE5AAAS"]
[2026-07-18T16:51:04.222Z] [Main] [Plugins] Socket Izd7S8vGabt80nE5AAAS (view: hud) - cache hit, skipping hook execution for HOOK_FRONTEND_INJECTION
[2026-07-18T16:51:04.222Z] [Main] [SocketIO] [State Restoration] No activeChatPathGlobal set.
[2026-07-18T16:51:04.227Z] [Main] [ProjectOperations] Get current project name requested: exampleadventure
[2026-07-18T16:51:04.227Z] [Main] [SocketIO] Event received: get-current-project-name [null]
[2026-07-18T16:51:04.227Z] [Main] [SocketIO] Emitting response: get-current-project-name-response ["{ ... }"]
[2026-07-18T16:51:04.228Z] [Main] [SocketIO] Emitting response: get-model-pricing-response ["{ ... }"]
[2026-07-18T16:51:04.227Z] [Main] [SocketIO] Event received: get-model-pricing [null]
[2026-07-18T16:51:04.229Z] [Main] [SocketIO] Socket connected ["u1gLp_t2f2LAAaYsAAAT"]
[2026-07-18T16:51:04.229Z] [PluginManager] [HOOK_FRONTEND_TIMELINE_INJECTION] >>> >>> Executing hook: 'HOOK_FRONTEND_TIMELINE_INJECTION'
[2026-07-18T16:51:04.229Z] [PluginManager] [HOOK_FRONTEND_TIMELINE_INJECTION] No listeners found for hook 'HOOK_FRONTEND_TIMELINE_INJECTION'. <<< <<<
[2026-07-18T16:51:04.238Z] [Main] [SocketIO] Event received: get-all-logs ["{ ... }"]
[2026-07-18T16:51:04.229Z] [Main] [Plugins] Socket u1gLp_t2f2LAAaYsAAAT (view: timeline) - cache miss, executing HOOK_FRONTEND_TIMELINE_INJECTION
[2026-07-18T16:51:04.238Z] [Main] [LogInspector] Get all logs requested for project: exampleadventure
[2026-07-18T16:51:04.230Z] [Main] [SocketIO] [State Restoration] No activeChatPathGlobal set.
[2026-07-18T16:51:04.245Z] [Main] [SocketIO] Socket connected ["oh2BU9KTUVwxTRFjAAAV"]
[2026-07-18T16:51:04.246Z] [Main] [Plugins] Socket oh2BU9KTUVwxTRFjAAAV (view: hud) - cache hit, skipping hook execution for HOOK_FRONTEND_INJECTION
[2026-07-18T16:51:04.247Z] [Main] [Plugins] Socket yXWr2pSlhzAq9NiuAAAW (view: hud) - cache hit, skipping hook execution for HOOK_FRONTEND_INJECTION
[2026-07-18T16:51:04.246Z] [Main] [SocketIO] [State Restoration] No activeChatPathGlobal set.
[2026-07-18T16:51:04.247Z] [Main] [SocketIO] Socket connected ["yXWr2pSlhzAq9NiuAAAW"]
[2026-07-18T16:51:04.247Z] [Main] [SocketIO] [State Restoration] No activeChatPathGlobal set.
[2026-07-18T16:51:04.248Z] [Main] [SocketIO] Emitting response: get-scene-history-data-response ["{ ... }"]
[2026-07-18T16:51:04.248Z] [Main] [SceneHistory] Request received for scene history data.
[2026-07-18T16:51:04.248Z] [Main] [SocketIO] Event received: get-scene-history-data [null]
[2026-07-18T16:51:04.255Z] [Main] [SocketIO] Socket connected ["YndH5HgmjIPYBVy3AAAX"]
[2026-07-18T16:51:04.255Z] [Main] [Plugins] Socket YndH5HgmjIPYBVy3AAAX (view: hud) - cache hit, skipping hook execution for HOOK_FRONTEND_INJECTION
[2026-07-18T16:51:04.255Z] [Main] [SocketIO] [State Restoration] No activeChatPathGlobal set.
[2026-07-18T16:51:04.266Z] [Main] [SocketIO] Event received: get-global-settings ["{ ... }"]
[2026-07-18T16:51:04.267Z] [Main] [SocketIO] Event received: get-timeline-data [null]
[2026-07-18T16:51:04.268Z] [Timeline] [Refresh] >>> >>> Refreshing timeline skeletons (get-timeline-data)...
[2026-07-18T16:51:04.268Z] [Timeline] [RefreshTiming] chapterManager.getChapterMetadata: 0ms
[2026-07-18T16:51:04.269Z] [Timeline] [Cache] Timeline provider cache initialized for unknown.
[2026-07-18T16:51:04.269Z] [Timeline] [Refresh] No turns found. Emitting empty timeline. <<< <<<
[2026-07-18T16:51:04.267Z] [Main] [Timeline] Timeline data requested.
[2026-07-18T16:51:04.281Z] [Main] [SocketIO] Forwarding unhandled event: memory-system-log-buffer-request ["{ ... }"]
[2026-07-18T16:51:04.282Z] [Main] [SocketIO] Event received: get-plugins ["{ ... }"]
[2026-07-18T16:51:04.283Z] [Main] [SocketIO] Forwarding unhandled event: docs:req-index
[2026-07-18T16:51:04.284Z] [PluginManager] [] Docs index requested. Sending 92 dynamic items.
[2026-07-18T16:51:04.288Z] [Main] [SocketIO] Sending 48 plugins metadata to client.
[2026-07-18T16:51:04.294Z] [Main] [SocketIO] Event received: get-global-settings ["{ ... }"]
[2026-07-18T16:51:04.304Z] [Main] [SocketIO] Event received: get-available-themes [null]
[2026-07-18T16:51:04.309Z] [Express] [] GET /plugins/disabled/adventure_book/screenshot1.webp
[2026-07-18T16:51:04.312Z] [Main] [SocketIO] Event received: get-provider-secrets [null]
[2026-07-18T16:51:04.312Z] [Main] [SocketIO] Event received: get-plugins ["{ ... }"]
[2026-07-18T16:51:04.314Z] [Express] [] GET /plugins/disabled/arc_cinematics/screenshot1.webp
[2026-07-18T16:51:04.315Z] [Express] [] GET /plugins/disabled/camp_rest_interludes/screenshot1.webp
[2026-07-18T16:51:04.320Z] [Main] [SocketIO] Sending 48 plugins metadata to client.
[2026-07-18T16:51:04.327Z] [Main] [SocketIO] Event received: get-global-settings [null]
[2026-07-18T16:51:04.332Z] [Express] [] GET /plugins/disabled/cg_generator/screenshot1.webp
[2026-07-18T16:51:04.335Z] [Express] [] GET /plugins/disabled/character_sheets/screenshot1.webp
[2026-07-18T16:51:04.336Z] [Express] [] GET /plugins/disabled/output_size_controller/screenshot1.webp
[2026-07-18T16:51:04.338Z] [Express] [] GET /plugins/disabled/quest_tracker/screenshot1.webp
[2026-07-18T16:51:04.340Z] [Express] [] GET /plugins/disabled/relationship_tracker/screenshot1.webp
[2026-07-18T16:51:04.341Z] [Express] [] GET /plugins/disabled/sprite_shading/screenshot1.webp
[2026-07-18T16:51:04.343Z] [Express] [] GET /plugins/disabled/vn_pixijs_vfx/screenshot1.webp
[2026-07-18T16:51:04.345Z] [Express] [] GET /plugins/disabled/world_location_tracker/screenshot1.webp
[2026-07-18T16:51:04.348Z] [Express] [] GET /plugins/disabled/world_state_tracker/screenshot1.webp
[2026-07-18T16:51:04.350Z] [Main] [SocketIO] Emitting response: get-all-logs-response ["{ ... }"]
[2026-07-18T16:51:04.415Z] [Main] [SocketIO] Socket connected ["I7vL8nKKXEKMW0xIAAAZ"]
[2026-07-18T16:51:04.415Z] [Main] [Plugins] Socket I7vL8nKKXEKMW0xIAAAZ (view: hud) - cache hit, skipping hook execution for HOOK_FRONTEND_INJECTION
[2026-07-18T16:51:04.415Z] [Main] [SocketIO] [State Restoration] No activeChatPathGlobal set.
[2026-07-18T16:51:04.433Z] [Main] [SocketIO] Event received: get-player-metadata ["{ ... }"]
[2026-07-18T16:51:04.435Z] [ConfigManager] [Persistence] Configuration saved to: C:\Users\ineyv\Documents\Repos\Fablekin\workspace\projects\exampleadventure\exampleadventure.config
[2026-07-18T16:51:04.438Z] [Main] [SocketIO] Emitting response: get-player-metadata-response ["{ ... }"]
[2026-07-18T16:51:04.440Z] [DirProcessor] [Lifecycle] >>> >>> Starting directory processing: C:\Users\ineyv\Documents\Repos\Fablekin\workspace\projects\exampleadventure
[2026-07-18T16:51:04.440Z] [DirProcessor] [Query] >>> >>> Reading directory: C:\Users\ineyv\Documents\Repos\Fablekin\workspace\projects\exampleadventure (Depth: 0)
[2026-07-18T16:51:04.443Z] [DirProcessor] [Query] Processing entry: 1_Directives, Mode: not-included, Order: 100
[2026-07-18T16:51:04.443Z] [DirProcessor] [Query] >>> >>> Reading directory: C:\Users\ineyv\Documents\Repos\Fablekin\workspace\projects\exampleadventure\1_Directives (Depth: 1)
[2026-07-18T16:51:04.445Z] [DirProcessor] [Query] Processing entry: directives.md, Mode: full, Order: 100
[2026-07-18T16:51:04.446Z] [Main] [SocketIO] Event received: get-vn-settings ["{ ... }"]
[2026-07-18T16:51:04.446Z] [Main] [SocketIO] Emitting response: get-vn-settings-response ["{ ... }"]
[2026-07-18T16:51:04.452Z] [DirProcessor] [Query] Processing entry: output size.md, Mode: full, Order: 200
[2026-07-18T16:51:04.460Z] [DirProcessor] [Query] Processing entry: story genre.md, Mode: full, Order: 150
[2026-07-18T16:51:04.467Z] [DirProcessor] [Query] Finished reading directory: C:\Users\ineyv\Documents\Repos\Fablekin\workspace\projects\exampleadventure\1_Directives <<< <<<
[2026-07-18T16:51:04.467Z] [DirProcessor] [Query] Processing entry: 2_Lore_Book, Mode: not-included, Order: 200
[2026-07-18T16:51:04.467Z] [DirProcessor] [Query] >>> >>> Reading directory: C:\Users\ineyv\Documents\Repos\Fablekin\workspace\projects\exampleadventure\2_Lore_Book (Depth: 1)
[2026-07-18T16:51:04.470Z] [DirProcessor] [Query] Processing entry: Ingrid.md, Mode: full, Order: 100
[2026-07-18T16:51:04.474Z] [DirProcessor] [Query] Processing entry: Intro.md, Mode: intro, Order: 600
[2026-07-18T16:51:04.475Z] [DirProcessor] [Query] Processing entry: Laios.md, Mode: full, Order: 200
[2026-07-18T16:51:04.478Z] [DirProcessor] [Query] Processing entry: Party Dynamics.md, Mode: full, Order: 400
[2026-07-18T16:51:04.479Z] [DirProcessor] [Query] Processing entry: Srava.md, Mode: full, Order: 300
[2026-07-18T16:51:04.480Z] [DirProcessor] [Query] Processing entry: World Lore.md, Mode: full, Order: 500
[2026-07-18T16:51:04.481Z] [DirProcessor] [Query] Processing entry: World.world, Mode: not-included, Order: 700
[2026-07-18T16:51:04.481Z] [DirProcessor] [Query] >>> >>> Reading directory: C:\Users\ineyv\Documents\Repos\Fablekin\workspace\projects\exampleadventure\2_Lore_Book\World.world (Depth: 2)
[2026-07-18T16:51:04.481Z] [DirProcessor] [Query] Finished reading directory: C:\Users\ineyv\Documents\Repos\Fablekin\workspace\projects\exampleadventure\2_Lore_Book <<< <<<
[2026-07-18T16:51:04.481Z] [DirProcessor] [Query] Stopping at depth 2 for: C:\Users\ineyv\Documents\Repos\Fablekin\workspace\projects\exampleadventure\2_Lore_Book\World.world
[2026-07-18T16:51:04.482Z] [DirProcessor] [Query] Processing entry: 3_Chronicles, Mode: not-included, Order: 300
[2026-07-18T16:51:04.482Z] [DirProcessor] [Query] >>> >>> Reading directory: C:\Users\ineyv\Documents\Repos\Fablekin\workspace\projects\exampleadventure\3_Chronicles (Depth: 1)
[2026-07-18T16:51:04.483Z] [DirProcessor] [Query] Processing entry: Save 1.db, Mode: chat, Order: 100
[2026-07-18T16:51:04.483Z] [DirProcessor] [Query] Finished reading directory: C:\Users\ineyv\Documents\Repos\Fablekin\workspace\projects\exampleadventure\3_Chronicles <<< <<<
[2026-07-18T16:51:04.483Z] [DirProcessor] [Query] Processing entry: 4_Important, Mode: not-included, Order: 400
[2026-07-18T16:51:04.483Z] [DirProcessor] [Query] >>> >>> Reading directory: C:\Users\ineyv\Documents\Repos\Fablekin\workspace\projects\exampleadventure\4_Important (Depth: 1)
[2026-07-18T16:51:04.485Z] [DirProcessor] [Query] Finished reading directory: C:\Users\ineyv\Documents\Repos\Fablekin\workspace\projects\exampleadventure\4_Important <<< <<<
[2026-07-18T16:51:04.485Z] [DirProcessor] [Query] Processing entry: exampleadventure.config, Mode: not-included, Order: 600
[2026-07-18T16:51:04.485Z] [DirProcessor] [Query] Processing entry: assets, Mode: not-included, Order: 500
[2026-07-18T16:51:04.485Z] [DirProcessor] [Query] Excluding system directory: assets
[2026-07-18T16:51:04.485Z] [DirProcessor] [Query] Excluding project config file: exampleadventure.config
[2026-07-18T16:51:04.485Z] [DirProcessor] [Query] Excluding project DB file: exampleadventure.db
[2026-07-18T16:51:04.485Z] [DirProcessor] [Query] Finished reading directory: C:\Users\ineyv\Documents\Repos\Fablekin\workspace\projects\exampleadventure <<< <<<
[2026-07-18T16:51:04.485Z] [DirProcessor] [Lifecycle] Directory processing completed <<< <<<
[2026-07-18T16:51:04.486Z] [Main] [ProjectMgmt] Broadcasting project-changed event for: exampleadventure
[2026-07-18T16:51:04.485Z] [DirProcessor] [Query] Processing entry: exampleadventure.db, Mode: not-included, Order: 700
[2026-07-18T16:51:04.490Z] [StaticDataManager] [Lifecycle] >>> >>> Opened static database: C:\Users\ineyv\Documents\Repos\Fablekin\workspace\projects\exampleadventure\exampleadventure.db
[2026-07-18T16:51:04.494Z] [StaticDataManager] [Lifecycle] Database initialization for exampleadventure successful. <<< <<<
[2026-07-18T16:51:04.494Z] [Main] [Database] StaticDataManager initialized for project: exampleadventure
[2026-07-18T16:51:04.494Z] [PluginManager] [] Active project root set to: C:\Users\ineyv\Documents\Repos\Fablekin\workspace\projects\exampleadventure
[2026-07-18T16:51:04.495Z] [Main] [ProjectMgmt] PluginManager updated for project: exampleadventure. Root: C:\Users\ineyv\Documents\Repos\Fablekin\workspace\projects\exampleadventure
[2026-07-18T16:51:04.495Z] [PluginManager] [HOOK_PROJECT_LOADED] >>> >>> Executing hook: 'HOOK_PROJECT_LOADED'
[2026-07-18T16:51:04.495Z] [PluginManager] [HOOK_PROJECT_LOADED] Hook 'HOOK_PROJECT_LOADED': Found 1 listeners
[2026-07-18T16:51:04.495Z] [PluginManager] [HOOK_PROJECT_LOADED:P999] >>> >>> Executing priority group 999 (1 listeners)
[2026-07-18T16:51:04.495Z] [PluginManager] [HOOK_PROJECT_LOADED:P999:core_story_scripts:Seq] >>> >>> Running sequential listener
[2026-07-18T16:51:04.498Z] [PluginManager] [] Scanning for Story Scripts...
[2026-07-18T16:51:04.506Z] [PluginManager] [] No Story Scripts found.
[2026-07-18T16:51:04.506Z] [PluginManager] [HOOK_PROJECT_LOADED:P999:core_story_scripts:Seq] Finished sequential listener <<< <<<
[2026-07-18T16:51:04.506Z] [PluginManager] [HOOK_PROJECT_LOADED:P999] Finished priority group 999 <<< <<<
[2026-07-18T16:51:04.507Z] [PluginManager] [HOOK_PROJECT_LOADED] Executing hook: 'HOOK_PROJECT_LOADED' <<< <<<
[2026-07-18T16:51:04.507Z] [Main] [Plugins] Frontend injection cache invalidated.
[2026-07-18T16:51:04.507Z] [Main] [ProjectMgmt] Initializing FactManager for project: exampleadventure
[2026-07-18T16:51:04.507Z] [Main] [ProjectMgmt] FactManager initialized for project: exampleadventure
[2026-07-18T16:51:04.507Z] [Main] [ProjectMgmt] Loaded player character data: "Talion" (from config)
[2026-07-18T16:51:04.507Z] [Main] [SocketIO] Emitting response: project-ready ["{ ... }"]
[2026-07-18T16:51:04.507Z] [Main] [ProjectOperations] [State Restoration] Auto-initializing active chat DB: C:\Users\ineyv\Documents\Repos\Fablekin\workspace\projects\exampleadventure\3_Chronicles\Save 1.db
[2026-07-18T16:51:04.507Z] [ChapterMgmt] [Lifecycle] >>> >>> init called for chat DB full path: C:\Users\ineyv\Documents\Repos\Fablekin\workspace\projects\exampleadventure\3_Chronicles\Save 1.db
[2026-07-18T16:51:04.507Z] [ChapterMgmt] [Lifecycle] Derived project root: C:\Users\ineyv\Documents\Repos\Fablekin\workspace\projects\exampleadventure
[2026-07-18T16:51:04.510Z] [ChapterMgmt] [Database] Initializing database at path: C:\Users\ineyv\Documents\Repos\Fablekin\workspace\projects\exampleadventure\3_Chronicles\Save 1.db
[2026-07-18T16:51:04.512Z] [ChapterMgmt] [Database] Database connection established: true
[2026-07-18T16:51:04.516Z] [ChapterMgmt] [Lifecycle] Database initialized successfully for project: exampleadventure <<< <<<
[2026-07-18T16:51:04.518Z] [Main] [ProjectOperations] [State Restoration] Broadcasting chat-db-switched. Path: C:\Users\ineyv\Documents\Repos\Fablekin\workspace\projects\exampleadventure\3_Chronicles\Save 1.db, State: {"turnNumber":1,"dialogueIndex":30,"sceneMode":"mainline","interludeId":null,"storageTurnKey":"1"}
[2026-07-18T16:51:04.518Z] [Main] [ProjectOperations] Initializing FactManager for project: exampleadventure with DB: C:\Users\ineyv\Documents\Repos\Fablekin\workspace\projects\exampleadventure\3_Chronicles\Save 1.db
[2026-07-18T16:51:04.518Z] [FactManager] [Lifecycle] >>> >>> init called for chat DB full path: C:\Users\ineyv\Documents\Repos\Fablekin\workspace\projects\exampleadventure\3_Chronicles\Save 1.db
[2026-07-18T16:51:04.519Z] [Main] [SocketIO] Event received: get-project-directives ["{ ... }"]
[2026-07-18T16:51:04.520Z] [FactManager] [Database] Initializing database at path: C:\Users\ineyv\Documents\Repos\Fablekin\workspace\projects\exampleadventure\3_Chronicles\Save 1.db
[2026-07-18T16:51:04.520Z] [Main] [SocketIO] Event received: get-player-metadata [null]
[2026-07-18T16:51:04.520Z] [Main] [SocketIO] Event received: execute-frontend-hook ["{ ... }"]
[2026-07-18T16:51:04.521Z] [Main] [Plugins] Frontend requested hook execution: HOOK_CONTENT_MANAGER_GUI_READY
[2026-07-18T16:51:04.521Z] [PluginManager] [HOOK_CONTENT_MANAGER_GUI_READY] >>> >>> Executing hook: 'HOOK_CONTENT_MANAGER_GUI_READY'
[2026-07-18T16:51:04.521Z] [PluginManager] [HOOK_CONTENT_MANAGER_GUI_READY] No listeners found for hook 'HOOK_CONTENT_MANAGER_GUI_READY'. <<< <<<
[2026-07-18T16:51:04.521Z] [Main] [SocketIO] Event received: get-project-notes ["{ ... }"]
[2026-07-18T16:51:04.522Z] [Main] [SocketIO] Emitting response: execute-frontend-hook-response ["{ ... }"]
[2026-07-18T16:51:04.524Z] [Main] [SocketIO] Event received: get-scene-history-data [null]
[2026-07-18T16:51:04.525Z] [Main] [SceneHistory] Request received for scene history data.
[2026-07-18T16:51:04.525Z] [FactManager] [Database] Database connection established: true
[2026-07-18T16:51:04.526Z] [Main] [SocketIO] Event received: get-player-metadata ["{ ... }"]
[2026-07-18T16:51:04.526Z] [Main] [SocketIO] Event received: get-timeline-data [null]
[2026-07-18T16:51:04.527Z] [Main] [Timeline] Timeline data requested.
[2026-07-18T16:51:04.527Z] [Timeline] [Refresh] >>> >>> Refreshing timeline skeletons (get-timeline-data)...
[2026-07-18T16:51:04.534Z] [Express] [] POST /plugins/tts_core/cancel-all
[2026-07-18T16:51:04.537Z] [Main] [SocketIO] Emitting response: get-scene-history-data-response ["{ ... }"]
[2026-07-18T16:51:04.538Z] [Main] [SocketIO] Event received: play-historical-turn ["{ ... }"]
[2026-07-18T16:51:04.539Z] [Main] [VNOperations] >>> >>> playHistoricalTurn requested for turn 1
[2026-07-18T16:51:04.540Z] [Timeline] [RefreshTiming] chapterManager.getChapterMetadata: 13ms
[2026-07-18T16:51:04.541Z] [Timeline] [Cache] Timeline provider cache initialized for C:\Users\ineyv\Documents\Repos\Fablekin\workspace\projects\exampleadventure\3_Chronicles\Save 1.db.
[2026-07-18T16:51:04.541Z] [Timeline] [Refresh] Emitting timeline skeletons: 1 turns. <<< <<<
[2026-07-18T16:51:04.541Z] [Timeline] [RefreshTiming] Skeleton payload total 14ms.
[2026-07-18T16:51:04.542Z] [FactManager] [Lifecycle] Database initialized successfully for project: exampleadventure <<< <<<
[2026-07-18T16:51:04.542Z] [PluginManager] [HOOK_CHAT_DB_INITIALIZED] >>> >>> Executing hook: 'HOOK_CHAT_DB_INITIALIZED'
[2026-07-18T16:51:04.543Z] [PluginManager] [HOOK_CHAT_DB_INITIALIZED] Hook 'HOOK_CHAT_DB_INITIALIZED': Found 1 listeners
[2026-07-18T16:51:04.543Z] [PluginManager] [HOOK_CHAT_DB_INITIALIZED:P999] >>> >>> Executing priority group 999 (1 listeners)
[2026-07-18T16:51:04.543Z] [PluginManager] [HOOK_CHAT_DB_INITIALIZED:P999:core_story_scripts_reload:Seq] >>> >>> Running sequential listener
[2026-07-18T16:51:04.543Z] [PluginManager] [] Scanning for Story Scripts...
[2026-07-18T16:51:04.550Z] [Main] [SocketIO] Emitting response: get-player-metadata-response ["{ ... }"]
[2026-07-18T16:51:04.550Z] [Main] [SocketIO] Emitting response: get-player-metadata-response ["{ ... }"]
[2026-07-18T16:51:04.552Z] [PluginManager] [] No Story Scripts found.
[2026-07-18T16:51:04.553Z] [PluginManager] [HOOK_CHAT_DB_INITIALIZED:P999:core_story_scripts_reload:Seq] Finished sequential listener <<< <<<
[2026-07-18T16:51:04.553Z] [PluginManager] [HOOK_CHAT_DB_INITIALIZED:P999] Finished priority group 999 <<< <<<
[2026-07-18T16:51:04.553Z] [PluginManager] [HOOK_CHAT_DB_INITIALIZED] Executing hook: 'HOOK_CHAT_DB_INITIALIZED' <<< <<<
[2026-07-18T16:51:04.553Z] [Main] [ProjectMgmt] Project selection complete <<< <<<
[2026-07-18T16:51:04.553Z] [Main] [ProjectOperations] [State Restoration] HOOK_CHAT_DB_INITIALIZED complete for: C:\Users\ineyv\Documents\Repos\Fablekin\workspace\projects\exampleadventure\3_Chronicles\Save 1.db
[2026-07-18T16:51:04.558Z] [PluginManager] [HOOK_VN_EMIT_TURN] >>> >>> Executing hook: 'HOOK_VN_EMIT_TURN'
[2026-07-18T16:51:04.558Z] [PluginManager] [HOOK_VN_EMIT_TURN] No listeners found for hook 'HOOK_VN_EMIT_TURN'. <<< <<<
[2026-07-18T16:51:04.562Z] [Main] [SocketIO] Emitting response: play-historical-turn-response ["{ ... }"]
[2026-07-18T16:51:04.565Z] [Main] [VNOperations] Historical turn 1 sent to viewer. <<< <<<
[2026-07-18T16:51:04.905Z] [Main] [SocketIO] Event received: sprite-opaque-bounds:get ["{ ... }"]
[2026-07-18T16:51:05.292Z] [Main] [SocketIO] Event received: get-timeline-range-data ["{ ... }"]
[2026-07-18T16:51:05.293Z] [Main] [Timeline] Timeline range data requested. ["{ ... }"]
[2026-07-18T16:51:05.294Z] [Express] [] POST /plugins/tts_core/missing-current-turn
[2026-07-18T16:51:05.295Z] [Timeline] [RangeTiming] chapterManager.getChapterMetadata: 2ms
[2026-07-18T16:51:05.296Z] [Timeline] [RangeHydration] >>> >>> Hydrating timeline rows 0-0 (1 turns).
[2026-07-18T16:51:05.296Z] [Timeline] [RangeHydration] Emitting hydrated timeline rows 0-0. <<< <<<
[2026-07-18T16:51:05.296Z] [Timeline] [RangeHydration] Cache hits=0, misses=0, total=3ms.
[2026-07-18T16:51:05.296Z] [Timeline] [RangeDiagnostics] Hydration diagnostics request=timeline_range_1784393465292_1 rows=1 slowRows=0 slowProviderCalls=0 total=3ms concurrency=row2/provider3
[2026-07-18T16:51:05.531Z] [Main] [SocketIO] Event received: sprite-opaque-bounds:get ["{ ... }"]
[2026-07-18T16:51:06.052Z] [Main] [SocketIO] Event received: sprite-opaque-bounds:get ["{ ... }"]
[2026-07-18T16:51:06.169Z] [Main] [SocketIO] Event received: sprite-opaque-bounds:get ["{ ... }"]
[2026-07-18T16:51:06.550Z] [Main] [SocketIO] Event received: execute-frontend-hook ["{ ... }"]
[2026-07-18T16:51:06.550Z] [Main] [Plugins] Frontend requested hook execution: HOOK_VN_GUI_READY
[2026-07-18T16:51:06.550Z] [PluginManager] [HOOK_VN_GUI_READY] >>> >>> Executing hook: 'HOOK_VN_GUI_READY'
[2026-07-18T16:51:06.551Z] [PluginManager] [HOOK_VN_GUI_READY] No listeners found for hook 'HOOK_VN_GUI_READY'. <<< <<<
[2026-07-18T16:51:06.551Z] [Main] [SocketIO] Emitting response: execute-frontend-hook-response ["{ ... }"]
[2026-07-18T16:51:06.552Z] [Timeline] [Refresh] >>> >>> Refreshing timeline skeletons...
[2026-07-18T16:51:06.554Z] [Timeline] [RefreshTiming] chapterManager.getChapterMetadata: 2ms
[2026-07-18T16:51:06.554Z] [Timeline] [Refresh] Emitting timeline skeletons: 1 turns. <<< <<<
[2026-07-18T16:51:06.554Z] [Timeline] [RefreshTiming] Skeleton payload total 2ms.
[2026-07-18T16:51:06.693Z] [Main] [SocketIO] Event received: sprite-opaque-bounds:get ["{ ... }"]
[2026-07-18T16:51:07.292Z] [Main] [SocketIO] Event received: sprite-opaque-bounds:get ["{ ... }"]
[2026-07-18T16:51:07.293Z] [Main] [SocketIO] Event received: get-timeline-range-data ["{ ... }"]
[2026-07-18T16:51:07.294Z] [Main] [Timeline] Timeline range data requested. ["{ ... }"]
[2026-07-18T16:51:07.295Z] [Timeline] [RangeTiming] chapterManager.getChapterMetadata: 1ms
[2026-07-18T16:51:07.296Z] [Timeline] [RangeHydration] >>> >>> Hydrating timeline rows 0-0 (1 turns).
[2026-07-18T16:51:07.296Z] [Timeline] [RangeHydration] Emitting hydrated timeline rows 0-0. <<< <<<
[2026-07-18T16:51:07.296Z] [Timeline] [RangeDiagnostics] Hydration diagnostics request=timeline_range_1784393467292_2 rows=1 slowRows=0 slowProviderCalls=0 total=2ms concurrency=row2/provider3
[2026-07-18T16:51:07.296Z] [Timeline] [RangeHydration] Cache hits=0, misses=0, total=2ms.
[2026-07-18T16:51:07.301Z] [Express] [] POST /plugins/tts_core/missing-current-turn
[2026-07-18T16:51:07.827Z] [Main] [SocketIO] Event received: sprite-opaque-bounds:get ["{ ... }"]
[2026-07-18T16:51:08.382Z] [Main] [SocketIO] Event received: sprite-opaque-bounds:get ["{ ... }"]
[2026-07-18T16:51:08.965Z] [Main] [SocketIO] Event received: sprite-opaque-bounds:get ["{ ... }"]
[2026-07-18T16:51:23.672Z] [FactManager] [Lifecycle] >>> >>> Closing database connection.
[2026-07-18T16:51:23.683Z] [StaticDataManager] [Lifecycle] Static database closed.
[2026-07-18T16:51:23.683Z] [FactManager] [Lifecycle] Database connection closed. <<< <<<
[2026-07-18T16:51:23.683Z] [ChapterMgmt] [Lifecycle] >>> >>> Closing database connection.
[2026-07-18T16:51:23.691Z] [ChapterMgmt] [Lifecycle] Database connection closed. <<< <<<
