[2026-07-18T16:49:17.637Z] [Main] [Startup] Projects root ensured at: C:\Users\ineyv\Documents\Repos\Fablekin\workspace\projects
[2026-07-18T16:49:17.741Z] [Main] [Lifecycle] >>> >>> Initializing PluginManager at startup...
[2026-07-18T16:49:17.741Z] [PluginManager] [] Repository sandbox root set to: C:\Users\ineyv\Documents\Repos\Fablekin
[2026-07-18T16:49:17.778Z] [SecureStorage] [] System initialized.
[2026-07-18T16:49:17.778Z] [Settings] [] Patched NANO_GPT_API_KEY into settings from SecureStorage.
[2026-07-18T16:49:17.783Z] [Main] [LogRetention] Log retention cleanup complete. Days=30, deleted=0, errors=0.
[2026-07-18T16:49:17.842Z] [PluginManager] [] Initialization complete. Loaded 0 active and 48 disabled plugins.
[2026-07-18T16:49:17.842Z] [PluginManager] [] Scanning core documentation in: C:\Users\ineyv\Documents\Repos\Fablekin\engine\views\docs\documents\core
[2026-07-18T16:49:17.891Z] [PluginManager] []   - Automatically registered 92 core documentation items.
[2026-07-18T16:49:17.892Z] [ScriptSecurity] [] Loaded 16 approved script hashes.
[2026-07-18T16:49:17.892Z] [Main] [Lifecycle] PluginManager initialized at startup. <<< <<<
[2026-07-18T16:49:17.897Z] [Main] [SocketIO] Socket.io server running on http://127.0.0.1:64675
[2026-07-18T16:49:17.898Z] [PluginManager] [HOOK_SYSTEM_BOOT] >>> >>> Executing hook: 'HOOK_SYSTEM_BOOT'
[2026-07-18T16:49:17.898Z] [Main] [Lifecycle] Timeline module initialized.
[2026-07-18T16:49:17.899Z] [PluginManager] [HOOK_SYSTEM_BOOT] No listeners found for hook 'HOOK_SYSTEM_BOOT'. <<< <<<
[2026-07-18T16:49:17.976Z] [Main] [Startup] Electron window initialized
[2026-07-18T16:49:17.898Z] [Timeline] [] Initialized.
[2026-07-18T16:49:18.223Z] [Main] [Startup] Launcher readiness signaled: C:\Users\ineyv\AppData\Local\Temp\fablekin-launch\ready-38920-1784393356792-61fad7d91bb5a.json
[2026-07-18T16:49:18.235Z] [Main] [SocketIO] Socket connected ["YtYi61g6iqLgiKedAAAB"]
[2026-07-18T16:49:18.235Z] [Main] [Plugins] Socket YtYi61g6iqLgiKedAAAB (view: hud) - cache miss, executing HOOK_FRONTEND_INJECTION
[2026-07-18T16:49:18.236Z] [Main] [SocketIO] [State Restoration] No activeChatPathGlobal set.
[2026-07-18T16:49:18.236Z] [PluginManager] [HOOK_FRONTEND_INJECTION] >>> >>> Executing hook: 'HOOK_FRONTEND_INJECTION'
[2026-07-18T16:49:18.236Z] [PluginManager] [HOOK_FRONTEND_INJECTION] No listeners found for hook 'HOOK_FRONTEND_INJECTION'. <<< <<<
[2026-07-18T16:49:18.243Z] [Main] [SocketIO] Event received: get-all-projects [null]
[2026-07-18T16:49:18.247Z] [Main] [SocketIO] Emitting response: get-all-projects-response ["{ ... }"]
[2026-07-18T16:49:19.094Z] [Main] [SocketIO] Event received: select-project ["{ ... }"]
[2026-07-18T16:49:19.095Z] [Main] [ProjectMgmt] >>> >>> Project selection started ["C:\\Users\\ineyv\\Documents\\Repos\\Fablekin\\workspace\\projects\\exampleadventure"]
[2026-07-18T16:49:19.095Z] [VectorStoreManager] [Lifecycle] Setting active project root: C:\Users\ineyv\Documents\Repos\Fablekin\workspace\projects\exampleadventure
[2026-07-18T16:49:19.201Z] [Main] [SocketIO] Socket connected ["f94PuhXOQBHdzag0AAAD"]
[2026-07-18T16:49:19.201Z] [Main] [SocketIO] [State Restoration] No activeChatPathGlobal set.
[2026-07-18T16:49:19.201Z] [Main] [Plugins] Socket f94PuhXOQBHdzag0AAAD (view: hud) - cache hit, skipping hook execution for HOOK_FRONTEND_INJECTION
[2026-07-18T16:49:19.243Z] [Main] [SocketIO] Socket connected ["SQtVS8h_lGo4IdBQAAAF"]
[2026-07-18T16:49:19.243Z] [Main] [Plugins] Socket SQtVS8h_lGo4IdBQAAAF (view: hud) - cache hit, skipping hook execution for HOOK_FRONTEND_INJECTION
[2026-07-18T16:49:19.244Z] [Main] [SocketIO] [State Restoration] No activeChatPathGlobal set.
[2026-07-18T16:49:19.256Z] [Main] [SocketIO] Socket connected ["wZ6C_vWmhfpPWNT6AAAH"]
[2026-07-18T16:49:19.256Z] [Main] [Plugins] Socket wZ6C_vWmhfpPWNT6AAAH (view: hud) - cache hit, skipping hook execution for HOOK_FRONTEND_INJECTION
[2026-07-18T16:49:19.256Z] [Main] [SocketIO] [State Restoration] No activeChatPathGlobal set.
[2026-07-18T16:49:19.265Z] [Main] [SocketIO] Event received: register-view ["{ ... }"]
[2026-07-18T16:49:19.265Z] [Main] [SocketIO] View 'content_manager' (Plugin: core) registered with socket wZ6C_vWmhfpPWNT6AAAH
[2026-07-18T16:49:19.272Z] [Main] [SocketIO] Event received: get-home-setup-data ["{ ... }"]
[2026-07-18T16:49:19.331Z] [Main] [SocketIO] Socket connected ["mk4KYsv_GVH-mmHMAAAJ"]
[2026-07-18T16:49:19.332Z] [Main] [Plugins] Socket mk4KYsv_GVH-mmHMAAAJ (view: hud) - cache hit, skipping hook execution for HOOK_FRONTEND_INJECTION
[2026-07-18T16:49:19.332Z] [Main] [SocketIO] [State Restoration] No activeChatPathGlobal set.
[2026-07-18T16:49:19.378Z] [Main] [SocketIO] Event received: get-project-advanced-mode ["{ ... }"]
[2026-07-18T16:49:19.387Z] [Main] [SocketIO] Emitting response: get-core-folders-response ["{ ... }"]
[2026-07-18T16:49:19.387Z] [Main] [SocketIO] Event received: get-core-folders ["{ ... }"]
[2026-07-18T16:49:19.389Z] [Main] [Plugins] Socket pfcEN0trkxqNzAliAAAM (view: hud) - cache hit, skipping hook execution for HOOK_FRONTEND_INJECTION
[2026-07-18T16:49:19.389Z] [Main] [SocketIO] [State Restoration] No activeChatPathGlobal set.
[2026-07-18T16:49:19.388Z] [Main] [SocketIO] Socket connected ["pfcEN0trkxqNzAliAAAM"]
[2026-07-18T16:49:19.401Z] [Main] [SocketIO] Event received: get-project-directives ["{ ... }"]
[2026-07-18T16:49:19.401Z] [Main] [SocketIO] Event received: get-project-notes ["{ ... }"]
[2026-07-18T16:49:19.403Z] [Main] [SocketIO] Socket connected ["QtxTS_uqTWAtJRFTAAAO"]
[2026-07-18T16:49:19.403Z] [Main] [Plugins] Socket QtxTS_uqTWAtJRFTAAAO (view: hud) - cache hit, skipping hook execution for HOOK_FRONTEND_INJECTION
[2026-07-18T16:49:19.403Z] [Main] [SocketIO] [State Restoration] No activeChatPathGlobal set.
[2026-07-18T16:49:19.445Z] [Main] [SocketIO] Socket connected ["3xH6YJgQ6INsguFCAAAS"]
[2026-07-18T16:49:19.446Z] [Main] [Plugins] Socket 3xH6YJgQ6INsguFCAAAS (view: hud) - cache hit, skipping hook execution for HOOK_FRONTEND_INJECTION
[2026-07-18T16:49:19.447Z] [Main] [SocketIO] Socket connected ["bLVXJ50H1PCIiXOfAAAT"]
[2026-07-18T16:49:19.446Z] [Main] [SocketIO] [State Restoration] No activeChatPathGlobal set.
[2026-07-18T16:49:19.447Z] [PluginManager] [HOOK_FRONTEND_TIMELINE_INJECTION] >>> >>> Executing hook: 'HOOK_FRONTEND_TIMELINE_INJECTION'
[2026-07-18T16:49:19.447Z] [PluginManager] [HOOK_FRONTEND_TIMELINE_INJECTION] No listeners found for hook 'HOOK_FRONTEND_TIMELINE_INJECTION'. <<< <<<
[2026-07-18T16:49:19.448Z] [Main] [SocketIO] [State Restoration] No activeChatPathGlobal set.
[2026-07-18T16:49:19.447Z] [Main] [Plugins] Socket bLVXJ50H1PCIiXOfAAAT (view: timeline) - cache miss, executing HOOK_FRONTEND_TIMELINE_INJECTION
[2026-07-18T16:49:19.454Z] [Main] [SocketIO] Event received: get-scene-history-data [null]
[2026-07-18T16:49:19.455Z] [Main] [SceneHistory] Request received for scene history data.
[2026-07-18T16:49:19.455Z] [Main] [SocketIO] Emitting response: get-scene-history-data-response ["{ ... }"]
[2026-07-18T16:49:19.456Z] [Main] [SocketIO] Socket connected ["e5_6i7K69JbYNWV6AAAV"]
[2026-07-18T16:49:19.457Z] [Main] [Plugins] Socket e5_6i7K69JbYNWV6AAAV (view: hud) - cache hit, skipping hook execution for HOOK_FRONTEND_INJECTION
[2026-07-18T16:49:19.457Z] [Main] [SocketIO] [State Restoration] No activeChatPathGlobal set.
[2026-07-18T16:49:19.466Z] [Main] [ProjectOperations] Get current project name requested: exampleadventure
[2026-07-18T16:49:19.466Z] [Main] [SocketIO] Emitting response: get-current-project-name-response ["{ ... }"]
[2026-07-18T16:49:19.467Z] [Main] [SocketIO] Emitting response: get-model-pricing-response ["{ ... }"]
[2026-07-18T16:49:19.467Z] [Main] [SocketIO] Event received: get-model-pricing [null]
[2026-07-18T16:49:19.466Z] [Main] [SocketIO] Event received: get-current-project-name [null]
[2026-07-18T16:49:19.469Z] [Main] [SocketIO] Socket connected ["nzd1aMHRRnUdLreWAAAW"]
[2026-07-18T16:49:19.470Z] [Main] [Plugins] Socket nzd1aMHRRnUdLreWAAAW (view: hud) - cache hit, skipping hook execution for HOOK_FRONTEND_INJECTION
[2026-07-18T16:49:19.481Z] [Main] [SocketIO] Event received: get-all-logs ["{ ... }"]
[2026-07-18T16:49:19.482Z] [Main] [LogInspector] Get all logs requested for project: exampleadventure
[2026-07-18T16:49:19.470Z] [Main] [SocketIO] [State Restoration] No activeChatPathGlobal set.
[2026-07-18T16:49:19.496Z] [Main] [SocketIO] Event received: get-global-settings ["{ ... }"]
[2026-07-18T16:49:19.497Z] [Main] [SocketIO] Event received: get-timeline-data [null]
[2026-07-18T16:49:19.498Z] [Timeline] [Refresh] >>> >>> Refreshing timeline skeletons (get-timeline-data)...
[2026-07-18T16:49:19.498Z] [Timeline] [RefreshTiming] chapterManager.getChapterMetadata: 0ms
[2026-07-18T16:49:19.499Z] [Timeline] [Cache] Timeline provider cache initialized for unknown.
[2026-07-18T16:49:19.499Z] [Timeline] [Refresh] No turns found. Emitting empty timeline. <<< <<<
[2026-07-18T16:49:19.498Z] [Main] [Timeline] Timeline data requested.
[2026-07-18T16:49:19.512Z] [Main] [SocketIO] Event received: get-plugins ["{ ... }"]
[2026-07-18T16:49:19.513Z] [Main] [SocketIO] Event received: get-available-themes [null]
[2026-07-18T16:49:19.520Z] [Main] [SocketIO] Forwarding unhandled event: docs:req-index
[2026-07-18T16:49:19.517Z] [Main] [SocketIO] Sending 48 plugins metadata to client.
[2026-07-18T16:49:19.521Z] [PluginManager] [] Docs index requested. Sending 92 dynamic items.
[2026-07-18T16:49:19.523Z] [Main] [SocketIO] Event received: get-provider-secrets [null]
[2026-07-18T16:49:19.524Z] [Main] [SocketIO] Event received: get-plugins ["{ ... }"]
[2026-07-18T16:49:19.525Z] [Main] [SocketIO] Socket connected ["hjTZ0Ch8AsI_1jAYAAAX"]
[2026-07-18T16:49:19.526Z] [Main] [SocketIO] [State Restoration] No activeChatPathGlobal set.
[2026-07-18T16:49:19.526Z] [Main] [Plugins] Socket hjTZ0Ch8AsI_1jAYAAAX (view: hud) - cache hit, skipping hook execution for HOOK_FRONTEND_INJECTION
[2026-07-18T16:49:19.528Z] [Main] [SocketIO] Sending 48 plugins metadata to client.
[2026-07-18T16:49:19.532Z] [Main] [SocketIO] Event received: get-global-settings [null]
[2026-07-18T16:49:19.539Z] [Express] [] GET /plugins/disabled/arc_cinematics/screenshot1.webp
[2026-07-18T16:49:19.541Z] [Express] [] GET /plugins/disabled/adventure_book/screenshot1.webp
[2026-07-18T16:49:19.541Z] [Express] [] GET /plugins/disabled/camp_rest_interludes/screenshot1.webp
[2026-07-18T16:49:19.558Z] [Express] [] GET /plugins/disabled/cg_generator/screenshot1.webp
[2026-07-18T16:49:19.561Z] [Express] [] GET /plugins/disabled/character_sheets/screenshot1.webp
[2026-07-18T16:49:19.562Z] [Express] [] GET /plugins/disabled/output_size_controller/screenshot1.webp
[2026-07-18T16:49:19.566Z] [Main] [SocketIO] Forwarding unhandled event: memory-system-log-buffer-request ["{ ... }"]
[2026-07-18T16:49:19.569Z] [Express] [] GET /plugins/disabled/quest_tracker/screenshot1.webp
[2026-07-18T16:49:19.573Z] [Main] [SocketIO] Event received: get-global-settings ["{ ... }"]
[2026-07-18T16:49:19.573Z] [Express] [] GET /plugins/disabled/relationship_tracker/screenshot1.webp
[2026-07-18T16:49:19.576Z] [Express] [] GET /plugins/disabled/sprite_shading/screenshot1.webp
[2026-07-18T16:49:19.578Z] [Express] [] GET /plugins/disabled/vn_pixijs_vfx/screenshot1.webp
[2026-07-18T16:49:19.582Z] [Express] [] GET /plugins/disabled/world_location_tracker/screenshot1.webp
[2026-07-18T16:49:19.585Z] [Express] [] GET /plugins/disabled/world_state_tracker/screenshot1.webp
[2026-07-18T16:49:19.591Z] [Main] [SocketIO] Emitting response: get-all-logs-response ["{ ... }"]
[2026-07-18T16:49:19.601Z] [Main] [SocketIO] Socket connected ["FSINC5i0_2avceuNAAAZ"]
[2026-07-18T16:49:19.601Z] [Main] [Plugins] Socket FSINC5i0_2avceuNAAAZ (view: hud) - cache hit, skipping hook execution for HOOK_FRONTEND_INJECTION
[2026-07-18T16:49:19.601Z] [Main] [SocketIO] [State Restoration] No activeChatPathGlobal set.
[2026-07-18T16:49:19.608Z] [ConfigManager] [Persistence] Configuration saved to: C:\Users\ineyv\Documents\Repos\Fablekin\workspace\projects\exampleadventure\exampleadventure.config
[2026-07-18T16:49:19.608Z] [Main] [SocketIO] Event received: get-player-metadata ["{ ... }"]
[2026-07-18T16:49:19.609Z] [Main] [SocketIO] Event received: get-vn-settings ["{ ... }"]
[2026-07-18T16:49:19.609Z] [Main] [SocketIO] Emitting response: get-vn-settings-response ["{ ... }"]
[2026-07-18T16:49:19.613Z] [Main] [SocketIO] Emitting response: get-player-metadata-response ["{ ... }"]
[2026-07-18T16:49:19.614Z] [DirProcessor] [Lifecycle] >>> >>> Starting directory processing: C:\Users\ineyv\Documents\Repos\Fablekin\workspace\projects\exampleadventure
[2026-07-18T16:49:19.614Z] [DirProcessor] [Query] >>> >>> Reading directory: C:\Users\ineyv\Documents\Repos\Fablekin\workspace\projects\exampleadventure (Depth: 0)
[2026-07-18T16:49:19.616Z] [DirProcessor] [Query] Processing entry: 1_Directives, Mode: not-included, Order: 100
[2026-07-18T16:49:19.616Z] [DirProcessor] [Query] >>> >>> Reading directory: C:\Users\ineyv\Documents\Repos\Fablekin\workspace\projects\exampleadventure\1_Directives (Depth: 1)
[2026-07-18T16:49:19.618Z] [DirProcessor] [Query] Processing entry: directives.md, Mode: full, Order: 100
[2026-07-18T16:49:19.624Z] [DirProcessor] [Query] Processing entry: output size.md, Mode: full, Order: 200
[2026-07-18T16:49:19.629Z] [DirProcessor] [Query] Processing entry: story genre.md, Mode: full, Order: 150
[2026-07-18T16:49:19.631Z] [DirProcessor] [Query] Finished reading directory: C:\Users\ineyv\Documents\Repos\Fablekin\workspace\projects\exampleadventure\1_Directives <<< <<<
[2026-07-18T16:49:19.631Z] [DirProcessor] [Query] Processing entry: 2_Lore_Book, Mode: not-included, Order: 200
[2026-07-18T16:49:19.631Z] [DirProcessor] [Query] >>> >>> Reading directory: C:\Users\ineyv\Documents\Repos\Fablekin\workspace\projects\exampleadventure\2_Lore_Book (Depth: 1)
[2026-07-18T16:49:19.633Z] [DirProcessor] [Query] Processing entry: Ingrid.md, Mode: full, Order: 100
[2026-07-18T16:49:19.634Z] [DirProcessor] [Query] Processing entry: Intro.md, Mode: intro, Order: 600
[2026-07-18T16:49:19.636Z] [DirProcessor] [Query] Processing entry: Laios.md, Mode: full, Order: 200
[2026-07-18T16:49:19.638Z] [DirProcessor] [Query] Processing entry: Party Dynamics.md, Mode: full, Order: 400
[2026-07-18T16:49:19.639Z] [DirProcessor] [Query] Processing entry: Srava.md, Mode: full, Order: 300
[2026-07-18T16:49:19.641Z] [DirProcessor] [Query] Processing entry: World Lore.md, Mode: full, Order: 500
[2026-07-18T16:49:19.644Z] [DirProcessor] [Query] Processing entry: World.world, Mode: not-included, Order: 700
[2026-07-18T16:49:19.644Z] [DirProcessor] [Query] >>> >>> Reading directory: C:\Users\ineyv\Documents\Repos\Fablekin\workspace\projects\exampleadventure\2_Lore_Book\World.world (Depth: 2)
[2026-07-18T16:49:19.644Z] [DirProcessor] [Query] Stopping at depth 2 for: C:\Users\ineyv\Documents\Repos\Fablekin\workspace\projects\exampleadventure\2_Lore_Book\World.world
[2026-07-18T16:49:19.644Z] [DirProcessor] [Query] Finished reading directory: C:\Users\ineyv\Documents\Repos\Fablekin\workspace\projects\exampleadventure\2_Lore_Book <<< <<<
[2026-07-18T16:49:19.644Z] [DirProcessor] [Query] Processing entry: 3_Chronicles, Mode: not-included, Order: 300
[2026-07-18T16:49:19.644Z] [DirProcessor] [Query] >>> >>> Reading directory: C:\Users\ineyv\Documents\Repos\Fablekin\workspace\projects\exampleadventure\3_Chronicles (Depth: 1)
[2026-07-18T16:49:19.646Z] [DirProcessor] [Query] Processing entry: Save 1.db, Mode: chat, Order: 100
[2026-07-18T16:49:19.646Z] [DirProcessor] [Query] Finished reading directory: C:\Users\ineyv\Documents\Repos\Fablekin\workspace\projects\exampleadventure\3_Chronicles <<< <<<
[2026-07-18T16:49:19.646Z] [DirProcessor] [Query] Processing entry: 4_Important, Mode: not-included, Order: 400
[2026-07-18T16:49:19.646Z] [DirProcessor] [Query] >>> >>> Reading directory: C:\Users\ineyv\Documents\Repos\Fablekin\workspace\projects\exampleadventure\4_Important (Depth: 1)
[2026-07-18T16:49:19.650Z] [DirProcessor] [Query] Finished reading directory: C:\Users\ineyv\Documents\Repos\Fablekin\workspace\projects\exampleadventure\4_Important <<< <<<
[2026-07-18T16:49:19.651Z] [DirProcessor] [Query] Processing entry: assets, Mode: not-included, Order: 500
[2026-07-18T16:49:19.651Z] [DirProcessor] [Query] Processing entry: exampleadventure.config, Mode: not-included, Order: 600
[2026-07-18T16:49:19.651Z] [DirProcessor] [Query] Excluding project config file: exampleadventure.config
[2026-07-18T16:49:19.651Z] [DirProcessor] [Query] Processing entry: exampleadventure.db, Mode: not-included, Order: 700
[2026-07-18T16:49:19.651Z] [DirProcessor] [Query] Excluding system directory: assets
[2026-07-18T16:49:19.651Z] [DirProcessor] [Query] Excluding project DB file: exampleadventure.db
[2026-07-18T16:49:19.651Z] [DirProcessor] [Query] Finished reading directory: C:\Users\ineyv\Documents\Repos\Fablekin\workspace\projects\exampleadventure <<< <<<
[2026-07-18T16:49:19.652Z] [Main] [ProjectMgmt] Broadcasting project-changed event for: exampleadventure
[2026-07-18T16:49:19.651Z] [DirProcessor] [Lifecycle] Directory processing completed <<< <<<
[2026-07-18T16:49:19.657Z] [StaticDataManager] [Lifecycle] >>> >>> Opened static database: C:\Users\ineyv\Documents\Repos\Fablekin\workspace\projects\exampleadventure\exampleadventure.db
[2026-07-18T16:49:19.661Z] [StaticDataManager] [Lifecycle] Database initialization for exampleadventure successful. <<< <<<
[2026-07-18T16:49:19.662Z] [Main] [Database] StaticDataManager initialized for project: exampleadventure
[2026-07-18T16:49:19.662Z] [PluginManager] [] Active project root set to: C:\Users\ineyv\Documents\Repos\Fablekin\workspace\projects\exampleadventure
[2026-07-18T16:49:19.662Z] [Main] [ProjectMgmt] PluginManager updated for project: exampleadventure. Root: C:\Users\ineyv\Documents\Repos\Fablekin\workspace\projects\exampleadventure
[2026-07-18T16:49:19.662Z] [PluginManager] [HOOK_PROJECT_LOADED] >>> >>> Executing hook: 'HOOK_PROJECT_LOADED'
[2026-07-18T16:49:19.662Z] [PluginManager] [HOOK_PROJECT_LOADED] Hook 'HOOK_PROJECT_LOADED': Found 1 listeners
[2026-07-18T16:49:19.662Z] [PluginManager] [HOOK_PROJECT_LOADED:P999] >>> >>> Executing priority group 999 (1 listeners)
[2026-07-18T16:49:19.662Z] [PluginManager] [HOOK_PROJECT_LOADED:P999:core_story_scripts:Seq] >>> >>> Running sequential listener
[2026-07-18T16:49:19.666Z] [PluginManager] [] Scanning for Story Scripts...
[2026-07-18T16:49:19.675Z] [PluginManager] [] No Story Scripts found.
[2026-07-18T16:49:19.676Z] [PluginManager] [HOOK_PROJECT_LOADED:P999:core_story_scripts:Seq] Finished sequential listener <<< <<<
[2026-07-18T16:49:19.676Z] [PluginManager] [HOOK_PROJECT_LOADED:P999] Finished priority group 999 <<< <<<
[2026-07-18T16:49:19.676Z] [PluginManager] [HOOK_PROJECT_LOADED] Executing hook: 'HOOK_PROJECT_LOADED' <<< <<<
[2026-07-18T16:49:19.677Z] [Main] [Plugins] Frontend injection cache invalidated.
[2026-07-18T16:49:19.677Z] [Main] [ProjectMgmt] Loaded player character data: "Talion" (from config)
[2026-07-18T16:49:19.677Z] [Main] [ProjectMgmt] Initializing FactManager for project: exampleadventure
[2026-07-18T16:49:19.677Z] [Main] [ProjectMgmt] FactManager initialized for project: exampleadventure
[2026-07-18T16:49:19.677Z] [Main] [SocketIO] Emitting response: project-ready ["{ ... }"]
[2026-07-18T16:49:19.677Z] [Main] [ProjectOperations] [State Restoration] Auto-initializing active chat DB: C:\Users\ineyv\Documents\Repos\Fablekin\workspace\projects\exampleadventure\3_Chronicles\Save 1.db
[2026-07-18T16:49:19.677Z] [ChapterMgmt] [Lifecycle] >>> >>> init called for chat DB full path: C:\Users\ineyv\Documents\Repos\Fablekin\workspace\projects\exampleadventure\3_Chronicles\Save 1.db
[2026-07-18T16:49:19.677Z] [ChapterMgmt] [Lifecycle] Derived project root: C:\Users\ineyv\Documents\Repos\Fablekin\workspace\projects\exampleadventure
[2026-07-18T16:49:19.681Z] [ChapterMgmt] [Database] Initializing database at path: C:\Users\ineyv\Documents\Repos\Fablekin\workspace\projects\exampleadventure\3_Chronicles\Save 1.db
[2026-07-18T16:49:19.682Z] [ChapterMgmt] [Database] Database connection established: true
[2026-07-18T16:49:19.688Z] [ChapterMgmt] [Lifecycle] Database initialized successfully for project: exampleadventure <<< <<<
[2026-07-18T16:49:19.689Z] [Main] [ProjectOperations] [State Restoration] Broadcasting chat-db-switched. Path: C:\Users\ineyv\Documents\Repos\Fablekin\workspace\projects\exampleadventure\3_Chronicles\Save 1.db, State: {"turnNumber":1,"dialogueIndex":30,"sceneMode":"mainline","interludeId":null,"storageTurnKey":"1"}
[2026-07-18T16:49:19.690Z] [Main] [ProjectOperations] Initializing FactManager for project: exampleadventure with DB: C:\Users\ineyv\Documents\Repos\Fablekin\workspace\projects\exampleadventure\3_Chronicles\Save 1.db
[2026-07-18T16:49:19.690Z] [FactManager] [Lifecycle] >>> >>> init called for chat DB full path: C:\Users\ineyv\Documents\Repos\Fablekin\workspace\projects\exampleadventure\3_Chronicles\Save 1.db
[2026-07-18T16:49:19.691Z] [Main] [SocketIO] Event received: get-project-directives ["{ ... }"]
[2026-07-18T16:49:19.691Z] [Main] [SocketIO] Event received: get-player-metadata [null]
[2026-07-18T16:49:19.691Z] [Main] [SocketIO] Event received: execute-frontend-hook ["{ ... }"]
[2026-07-18T16:49:19.691Z] [Main] [Plugins] Frontend requested hook execution: HOOK_CONTENT_MANAGER_GUI_READY
[2026-07-18T16:49:19.692Z] [PluginManager] [HOOK_CONTENT_MANAGER_GUI_READY] >>> >>> Executing hook: 'HOOK_CONTENT_MANAGER_GUI_READY'
[2026-07-18T16:49:19.692Z] [PluginManager] [HOOK_CONTENT_MANAGER_GUI_READY] No listeners found for hook 'HOOK_CONTENT_MANAGER_GUI_READY'. <<< <<<
[2026-07-18T16:49:19.692Z] [Main] [SocketIO] Event received: get-project-notes ["{ ... }"]
[2026-07-18T16:49:19.693Z] [Main] [SocketIO] Emitting response: execute-frontend-hook-response ["{ ... }"]
[2026-07-18T16:49:19.695Z] [Main] [SocketIO] Event received: get-scene-history-data [null]
[2026-07-18T16:49:19.695Z] [Main] [SceneHistory] Request received for scene history data.
[2026-07-18T16:49:19.697Z] [Main] [SocketIO] Event received: get-player-metadata ["{ ... }"]
[2026-07-18T16:49:19.697Z] [Main] [SocketIO] Event received: play-historical-turn ["{ ... }"]
[2026-07-18T16:49:19.697Z] [Main] [VNOperations] >>> >>> playHistoricalTurn requested for turn 1
[2026-07-18T16:49:19.698Z] [Main] [SocketIO] Event received: get-timeline-data [null]
[2026-07-18T16:49:19.698Z] [Main] [Timeline] Timeline data requested.
[2026-07-18T16:49:19.698Z] [Timeline] [Refresh] >>> >>> Refreshing timeline skeletons (get-timeline-data)...
[2026-07-18T16:49:19.706Z] [Express] [] POST /plugins/tts_core/missing-current-turn
[2026-07-18T16:49:19.709Z] [FactManager] [Database] Initializing database at path: C:\Users\ineyv\Documents\Repos\Fablekin\workspace\projects\exampleadventure\3_Chronicles\Save 1.db
[2026-07-18T16:49:19.711Z] [Express] [] POST /plugins/tts_core/cancel-all
[2026-07-18T16:49:19.712Z] [FactManager] [Database] Database connection established: true
[2026-07-18T16:49:19.713Z] [Main] [SocketIO] Emitting response: get-scene-history-data-response ["{ ... }"]
[2026-07-18T16:49:19.714Z] [Timeline] [RefreshTiming] chapterManager.getChapterMetadata: 15ms
[2026-07-18T16:49:19.714Z] [Timeline] [Cache] Timeline provider cache initialized for C:\Users\ineyv\Documents\Repos\Fablekin\workspace\projects\exampleadventure\3_Chronicles\Save 1.db.
[2026-07-18T16:49:19.714Z] [Timeline] [Refresh] Emitting timeline skeletons: 1 turns. <<< <<<
[2026-07-18T16:49:19.714Z] [Timeline] [RefreshTiming] Skeleton payload total 16ms.
[2026-07-18T16:49:19.721Z] [FactManager] [Lifecycle] Database initialized successfully for project: exampleadventure <<< <<<
[2026-07-18T16:49:19.721Z] [PluginManager] [HOOK_CHAT_DB_INITIALIZED] >>> >>> Executing hook: 'HOOK_CHAT_DB_INITIALIZED'
[2026-07-18T16:49:19.721Z] [PluginManager] [HOOK_CHAT_DB_INITIALIZED:P999] >>> >>> Executing priority group 999 (1 listeners)
[2026-07-18T16:49:19.721Z] [PluginManager] [HOOK_CHAT_DB_INITIALIZED:P999:core_story_scripts_reload:Seq] >>> >>> Running sequential listener
[2026-07-18T16:49:19.721Z] [PluginManager] [HOOK_CHAT_DB_INITIALIZED] Hook 'HOOK_CHAT_DB_INITIALIZED': Found 1 listeners
[2026-07-18T16:49:19.722Z] [PluginManager] [] Scanning for Story Scripts...
[2026-07-18T16:49:19.731Z] [Main] [SocketIO] Emitting response: get-player-metadata-response ["{ ... }"]
[2026-07-18T16:49:19.733Z] [Main] [SocketIO] Emitting response: get-player-metadata-response ["{ ... }"]
[2026-07-18T16:49:19.734Z] [PluginManager] [] No Story Scripts found.
[2026-07-18T16:49:19.735Z] [PluginManager] [HOOK_CHAT_DB_INITIALIZED:P999:core_story_scripts_reload:Seq] Finished sequential listener <<< <<<
[2026-07-18T16:49:19.735Z] [Main] [ProjectOperations] [State Restoration] HOOK_CHAT_DB_INITIALIZED complete for: C:\Users\ineyv\Documents\Repos\Fablekin\workspace\projects\exampleadventure\3_Chronicles\Save 1.db
[2026-07-18T16:49:19.735Z] [Main] [ProjectMgmt] Project selection complete <<< <<<
[2026-07-18T16:49:19.735Z] [PluginManager] [HOOK_CHAT_DB_INITIALIZED:P999] Finished priority group 999 <<< <<<
[2026-07-18T16:49:19.735Z] [PluginManager] [HOOK_CHAT_DB_INITIALIZED] Executing hook: 'HOOK_CHAT_DB_INITIALIZED' <<< <<<
[2026-07-18T16:49:19.741Z] [PluginManager] [HOOK_VN_EMIT_TURN] >>> >>> Executing hook: 'HOOK_VN_EMIT_TURN'
[2026-07-18T16:49:19.742Z] [PluginManager] [HOOK_VN_EMIT_TURN] No listeners found for hook 'HOOK_VN_EMIT_TURN'. <<< <<<
[2026-07-18T16:49:19.746Z] [Main] [SocketIO] Emitting response: play-historical-turn-response ["{ ... }"]
[2026-07-18T16:49:19.750Z] [Main] [VNOperations] Historical turn 1 sent to viewer. <<< <<<
[2026-07-18T16:49:19.953Z] [Express] [] POST /plugins/tts_core/missing-current-turn
[2026-07-18T16:49:20.096Z] [Main] [SocketIO] Event received: sprite-opaque-bounds:get ["{ ... }"]
[2026-07-18T16:49:20.283Z] [Main] [SocketIO] Event received: get-timeline-range-data ["{ ... }"]
[2026-07-18T16:49:20.283Z] [Main] [Timeline] Timeline range data requested. ["{ ... }"]
[2026-07-18T16:49:20.284Z] [Timeline] [RangeTiming] chapterManager.getChapterMetadata: 1ms
[2026-07-18T16:49:20.285Z] [Timeline] [RangeHydration] >>> >>> Hydrating timeline rows 0-0 (1 turns).
[2026-07-18T16:49:20.285Z] [Timeline] [RangeHydration] Emitting hydrated timeline rows 0-0. <<< <<<
[2026-07-18T16:49:20.285Z] [Timeline] [RangeHydration] Cache hits=0, misses=0, total=2ms.
[2026-07-18T16:49:20.285Z] [Timeline] [RangeDiagnostics] Hydration diagnostics request=timeline_range_1784393360282_1 rows=1 slowRows=0 slowProviderCalls=0 total=2ms concurrency=row2/provider3
[2026-07-18T16:49:20.737Z] [Main] [SocketIO] Event received: sprite-opaque-bounds:get ["{ ... }"]
[2026-07-18T16:49:21.183Z] [Main] [SocketIO] Event received: sprite-opaque-bounds:get ["{ ... }"]
[2026-07-18T16:49:21.294Z] [Main] [SocketIO] Event received: sprite-opaque-bounds:get ["{ ... }"]
[2026-07-18T16:49:21.623Z] [Main] [SocketIO] Event received: execute-frontend-hook ["{ ... }"]
[2026-07-18T16:49:21.623Z] [Main] [Plugins] Frontend requested hook execution: HOOK_VN_GUI_READY
[2026-07-18T16:49:21.624Z] [PluginManager] [HOOK_VN_GUI_READY] >>> >>> Executing hook: 'HOOK_VN_GUI_READY'
[2026-07-18T16:49:21.624Z] [PluginManager] [HOOK_VN_GUI_READY] No listeners found for hook 'HOOK_VN_GUI_READY'. <<< <<<
[2026-07-18T16:49:21.625Z] [Timeline] [Refresh] >>> >>> Refreshing timeline skeletons...
[2026-07-18T16:49:21.625Z] [Main] [SocketIO] Emitting response: execute-frontend-hook-response ["{ ... }"]
[2026-07-18T16:49:21.629Z] [Timeline] [RefreshTiming] chapterManager.getChapterMetadata: 3ms
[2026-07-18T16:49:21.629Z] [Timeline] [Refresh] Emitting timeline skeletons: 1 turns. <<< <<<
[2026-07-18T16:49:21.629Z] [Timeline] [RefreshTiming] Skeleton payload total 4ms.
[2026-07-18T16:49:21.761Z] [Main] [SocketIO] Event received: sprite-opaque-bounds:get ["{ ... }"]
[2026-07-18T16:49:21.789Z] [Express] [] POST /plugins/tts_core/missing-current-turn
[2026-07-18T16:49:22.230Z] [Main] [SocketIO] Event received: sprite-opaque-bounds:get ["{ ... }"]
[2026-07-18T16:49:22.294Z] [Main] [SocketIO] Event received: get-timeline-range-data ["{ ... }"]
[2026-07-18T16:49:22.294Z] [Main] [Timeline] Timeline range data requested. ["{ ... }"]
[2026-07-18T16:49:22.295Z] [Timeline] [RangeTiming] chapterManager.getChapterMetadata: 1ms
[2026-07-18T16:49:22.296Z] [Timeline] [RangeHydration] >>> >>> Hydrating timeline rows 0-0 (1 turns).
[2026-07-18T16:49:22.296Z] [Timeline] [RangeDiagnostics] Hydration diagnostics request=timeline_range_1784393362294_2 rows=1 slowRows=0 slowProviderCalls=0 total=2ms concurrency=row2/provider3
[2026-07-18T16:49:22.296Z] [Timeline] [RangeHydration] Emitting hydrated timeline rows 0-0. <<< <<<
[2026-07-18T16:49:22.296Z] [Timeline] [RangeHydration] Cache hits=0, misses=0, total=2ms.
[2026-07-18T16:49:22.510Z] [FactManager] [Lifecycle] >>> >>> Closing database connection.
[2026-07-18T16:49:22.525Z] [StaticDataManager] [Lifecycle] Static database closed.
[2026-07-18T16:49:22.525Z] [FactManager] [Lifecycle] Database connection closed. <<< <<<
[2026-07-18T16:49:22.526Z] [ChapterMgmt] [Lifecycle] >>> >>> Closing database connection.
[2026-07-18T16:49:22.558Z] [ChapterMgmt] [Lifecycle] Database connection closed. <<< <<<
